Component: ARM Compiler 5.06 update 7 (build 960) Tool: armlink [4d3601]

==============================================================================

Section Cross References

    startup_stm32h723xx.o(RESET) refers to startup_stm32h723xx.o(STACK) for __initial_sp
    startup_stm32h723xx.o(RESET) refers to startup_stm32h723xx.o(.text) for Reset_Handler
    startup_stm32h723xx.o(RESET) refers to stm32h7xx_it.o(i.NMI_Handler) for NMI_Handler
    startup_stm32h723xx.o(RESET) refers to stm32h7xx_it.o(i.HardFault_Handler) for HardFault_Handler
    startup_stm32h723xx.o(RESET) refers to stm32h7xx_it.o(i.MemManage_Handler) for MemManage_Handler
    startup_stm32h723xx.o(RESET) refers to stm32h7xx_it.o(i.BusFault_Handler) for BusFault_Handler
    startup_stm32h723xx.o(RESET) refers to stm32h7xx_it.o(i.UsageFault_Handler) for UsageFault_Handler
    startup_stm32h723xx.o(RESET) refers to port.o(.emb_text) for SVC_Handler
    startup_stm32h723xx.o(RESET) refers to stm32h7xx_it.o(i.DebugMon_Handler) for DebugMon_Handler
    startup_stm32h723xx.o(RESET) refers to port.o(i.SysTick_Handler) for SysTick_Handler
    startup_stm32h723xx.o(RESET) refers to stm32h7xx_it.o(i.DMA1_Stream0_IRQHandler) for DMA1_Stream0_IRQHandler
    startup_stm32h723xx.o(RESET) refers to stm32h7xx_it.o(i.DMA1_Stream1_IRQHandler) for DMA1_Stream1_IRQHandler
    startup_stm32h723xx.o(RESET) refers to stm32h7xx_it.o(i.FDCAN1_IT0_IRQHandler) for FDCAN1_IT0_IRQHandler
    startup_stm32h723xx.o(RESET) refers to stm32h7xx_it.o(i.FDCAN2_IT0_IRQHandler) for FDCAN2_IT0_IRQHandler
    startup_stm32h723xx.o(RESET) refers to stm32h7xx_it.o(i.TIM2_IRQHandler) for TIM2_IRQHandler
    startup_stm32h723xx.o(RESET) refers to stm32h7xx_it.o(i.SPI2_IRQHandler) for SPI2_IRQHandler
    startup_stm32h723xx.o(RESET) refers to stm32h7xx_it.o(i.FDCAN3_IT0_IRQHandler) for FDCAN3_IT0_IRQHandler
    startup_stm32h723xx.o(.text) refers to system_stm32h7xx.o(i.SystemInit) for SystemInit
    startup_stm32h723xx.o(.text) refers to entry.o(.ARM.Collect$$$$00000000) for __main
    main.o(i.HAL_TIM_PeriodElapsedCallback) refers to stm32h7xx_hal.o(i.HAL_IncTick) for HAL_IncTick
    main.o(i.PeriphCommonClock_Config) refers to memseta.o(.text) for __aeabi_memclr4
    main.o(i.PeriphCommonClock_Config) refers to stm32h7xx_hal_rcc_ex.o(i.HAL_RCCEx_PeriphCLKConfig) for HAL_RCCEx_PeriphCLKConfig
    main.o(i.PeriphCommonClock_Config) refers to main.o(i.Error_Handler) for Error_Handler
    main.o(i.SystemClock_Config) refers to memseta.o(.text) for __aeabi_memclr4
    main.o(i.SystemClock_Config) refers to stm32h7xx_hal_pwr_ex.o(i.HAL_PWREx_ConfigSupply) for HAL_PWREx_ConfigSupply
    main.o(i.SystemClock_Config) refers to stm32h7xx_hal_rcc.o(i.HAL_RCC_OscConfig) for HAL_RCC_OscConfig
    main.o(i.SystemClock_Config) refers to main.o(i.Error_Handler) for Error_Handler
    main.o(i.SystemClock_Config) refers to stm32h7xx_hal_rcc.o(i.HAL_RCC_ClockConfig) for HAL_RCC_ClockConfig
    main.o(i.main) refers to stm32h7xx_hal.o(i.HAL_Init) for HAL_Init
    main.o(i.main) refers to main.o(i.SystemClock_Config) for SystemClock_Config
    main.o(i.main) refers to main.o(i.PeriphCommonClock_Config) for PeriphCommonClock_Config
    main.o(i.main) refers to gpio.o(i.MX_GPIO_Init) for MX_GPIO_Init
    main.o(i.main) refers to dma.o(i.MX_DMA_Init) for MX_DMA_Init
    main.o(i.main) refers to spi.o(i.MX_SPI2_Init) for MX_SPI2_Init
    main.o(i.main) refers to fdcan.o(i.MX_FDCAN1_Init) for MX_FDCAN1_Init
    main.o(i.main) refers to fdcan.o(i.MX_FDCAN2_Init) for MX_FDCAN2_Init
    main.o(i.main) refers to tim.o(i.MX_TIM3_Init) for MX_TIM3_Init
    main.o(i.main) refers to fdcan.o(i.MX_FDCAN3_Init) for MX_FDCAN3_Init
    main.o(i.main) refers to bsp_dwt.o(i.DWT_Init) for DWT_Init
    main.o(i.main) refers to bmi088driver.o(i.BMI088_init) for BMI088_init
    main.o(i.main) refers to stm32h7xx_hal_gpio.o(i.HAL_GPIO_WritePin) for HAL_GPIO_WritePin
    main.o(i.main) refers to can_bsp.o(i.FDCAN1_Config) for FDCAN1_Config
    main.o(i.main) refers to can_bsp.o(i.FDCAN2_Config) for FDCAN2_Config
    main.o(i.main) refers to freertos.o(i.MX_FREERTOS_Init) for MX_FREERTOS_Init
    main.o(i.main) refers to cmsis_os.o(i.osKernelStart) for osKernelStart
    main.o(i.main) refers to spi.o(.bss) for hspi2
    gpio.o(i.MX_GPIO_Init) refers to memseta.o(.text) for __aeabi_memclr4
    gpio.o(i.MX_GPIO_Init) refers to stm32h7xx_hal_gpio.o(i.HAL_GPIO_WritePin) for HAL_GPIO_WritePin
    gpio.o(i.MX_GPIO_Init) refers to stm32h7xx_hal_gpio.o(i.HAL_GPIO_Init) for HAL_GPIO_Init
    freertos.o(i.ChassisL_Task) refers to chassisl_task.o(i.ChassisL_task) for ChassisL_task
    freertos.o(i.ChassisR_Task) refers to chassisr_task.o(i.ChassisR_task) for ChassisR_task
    freertos.o(i.INS_Task) refers to ins_task.o(i.INS_task) for INS_task
    freertos.o(i.MX_FREERTOS_Init) refers to memcpya.o(.text) for __aeabi_memcpy4
    freertos.o(i.MX_FREERTOS_Init) refers to cmsis_os.o(i.osThreadCreate) for osThreadCreate
[...]
    DMA2_Stream7_IRQHandler                  0x080003bf   Thumb Code     0  startup_stm32h723xx.o(.text)
    DMAMUX1_OVR_IRQHandler                   0x080003bf   Thumb Code     0  startup_stm32h723xx.o(.text)
    DMAMUX2_OVR_IRQHandler                   0x080003bf   Thumb Code     0  startup_stm32h723xx.o(.text)
    DTS_IRQHandler                           0x080003bf   Thumb Code     0  startup_stm32h723xx.o(.text)
    ECC_IRQHandler                           0x080003bf   Thumb Code     0  startup_stm32h723xx.o(.text)
    ETH_IRQHandler                           0x080003bf   Thumb Code     0  startup_stm32h723xx.o(.text)
    ETH_WKUP_IRQHandler                      0x080003bf   Thumb Code     0  startup_stm32h723xx.o(.text)
    EXTI0_IRQHandler                         0x080003bf   Thumb Code     0  startup_stm32h723xx.o(.text)
    EXTI15_10_IRQHandler                     0x080003bf   Thumb Code     0  startup_stm32h723xx.o(.text)
    EXTI1_IRQHandler                         0x080003bf   Thumb Code     0  startup_stm32h723xx.o(.text)
    EXTI2_IRQHandler                         0x080003bf   Thumb Code     0  startup_stm32h723xx.o(.text)
    EXTI3_IRQHandler                         0x080003bf   Thumb Code     0  startup_stm32h723xx.o(.text)
    EXTI4_IRQHandler                         0x080003bf   Thumb Code     0  startup_stm32h723xx.o(.text)
    EXTI9_5_IRQHandler                       0x080003bf   Thumb Code     0  startup_stm32h723xx.o(.text)
    FDCAN1_IT1_IRQHandler                    0x080003bf   Thumb Code     0  startup_stm32h723xx.o(.text)
    FDCAN2_IT1_IRQHandler                    0x080003bf   Thumb Code     0  startup_stm32h723xx.o(.text)
    FDCAN3_IT1_IRQHandler                    0x080003bf   Thumb Code     0  startup_stm32h723xx.o(.text)
    FDCAN_CAL_IRQHandler                     0x080003bf   Thumb Code     0  startup_stm32h723xx.o(.text)
    FLASH_IRQHandler                         0x080003bf   Thumb Code     0  startup_stm32h723xx.o(.text)
    FMAC_IRQHandler                          0x080003bf   Thumb Code     0  startup_stm32h723xx.o(.text)
    FMC_IRQHandler                           0x080003bf   Thumb Code     0  startup_stm32h723xx.o(.text)
    FPU_IRQHandler                           0x080003bf   Thumb Code     0  startup_stm32h723xx.o(.text)
    HSEM1_IRQHandler                         0x080003bf   Thumb Code     0  startup_stm32h723xx.o(.text)
    I2C1_ER_IRQHandler                       0x080003bf   Thumb Code     0  startup_stm32h723xx.o(.text)
    I2C1_EV_IRQHandler                       0x080003bf   Thumb Code     0  startup_stm32h723xx.o(.text)
    I2C2_ER_IRQHandler                       0x080003bf   Thumb Code     0  startup_stm32h723xx.o(.text)
    I2C2_EV_IRQHandler                       0x080003bf   Thumb Code     0  startup_stm32h723xx.o(.text)
    I2C3_ER_IRQHandler                       0x080003bf   Thumb Code     0  startup_stm32h723xx.o(.text)
    I2C3_EV_IRQHandler                       0x080003bf   Thumb Code     0  startup_stm32h723xx.o(.text)
    I2C4_ER_IRQHandler                       0x080003bf   Thumb Code     0  startup_stm32h723xx.o(.text)
    I2C4_EV_IRQHandler                       0x080003bf   Thumb Code     0  startup_stm32h723xx.o(.text)
    I2C5_ER_IRQHandler                       0x080003bf   Thumb Code     0  startup_stm32h723xx.o(.text)
    I2C5_EV_IRQHandler                       0x080003bf   Thumb Code     0  startup_stm32h723xx.o(.text)
    LPTIM1_IRQHandler                        0x080003bf   Thumb Code     0  startup_stm32h723xx.o(.text)
    LPTIM2_IRQHandler                        0x080003bf   Thumb Code     0  startup_stm32h723xx.o(.text)
    LPTIM3_IRQHandler                        0x080003bf   Thumb Code     0  startup_stm32h723xx.o(.text)
    LPTIM4_IRQHandler                        0x080003bf   Thumb Code     0  startup_stm32h723xx.o(.text)
    LPTIM5_IRQHandler                        0x080003bf   Thumb Code     0  startup_stm32h723xx.o(.text)
    LPUART1_IRQHandler                       0x080003bf   Thumb Code     0  startup_stm32h723xx.o(.text)
    LTDC_ER_IRQHandler                       0x080003bf   Thumb Code     0  startup_stm32h723xx.o(.text)
    LTDC_IRQHandler                          0x080003bf   Thumb Code     0  startup_stm32h723xx.o(.text)
    MDIOS_IRQHandler                         0x080003bf   Thumb Code     0  startup_stm32h723xx.o(.text)
    MDIOS_WKUP_IRQHandler                    0x080003bf   Thumb Code     0  startup_stm32h723xx.o(.text)
    MDMA_IRQHandler                          0x080003bf   Thumb Code     0  startup_stm32h723xx.o(.text)
    OCTOSPI1_IRQHandler                      0x080003bf   Thumb Code     0  startup_stm32h723xx.o(.text)
    OCTOSPI2_IRQHandler                      0x080003bf   Thumb Code     0  startup_stm32h723xx.o(.text)
    OTG_HS_EP1_IN_IRQHandler                 0x080003bf   Thumb Code     0  startup_stm32h723xx.o(.text)
    OTG_HS_EP1_OUT_IRQHandler                0x080003bf   Thumb Code     0  startup_stm32h723xx.o(.text)
    OTG_HS_IRQHandler                        0x080003bf   Thumb Code     0  startup_stm32h723xx.o(.text)
    OTG_HS_WKUP_IRQHandler                   0x080003bf   Thumb Code     0  startup_stm32h723xx.o(.text)
    PVD_AVD_IRQHandler                       0x080003bf   Thumb Code     0  startup_stm32h723xx.o(.text)
    RCC_IRQHandler                           0x080003bf   Thumb Code     0  startup_stm32h723xx.o(.text)
    RNG_IRQHandler                           0x080003bf   Thumb Code     0  startup_stm32h723xx.o(.text)
    RTC_Alarm_IRQHandler                     0x080003bf   Thumb Code     0  startup_stm32h723xx.o(.text)
    RTC_WKUP_IRQHandler                      0x080003bf   Thumb Code     0  startup_stm32h723xx.o(.text)
    SAI1_IRQHandler                          0x080003bf   Thumb Code     0  startup_stm32h723xx.o(.text)
    SAI4_IRQHandler                          0x080003bf   Thumb Code     0  startup_stm32h723xx.o(.text)
    SDMMC1_IRQHandler                        0x080003bf   Thumb Code     0  startup_stm32h723xx.o(.text)
    SDMMC2_IRQHandler                        0x080003bf   Thumb Code     0  startup_stm32h723xx.o(.text)
    SPDIF_RX_IRQHandler                      0x080003bf   Thumb Code     0  startup_stm32h723xx.o(.text)
    SPI1_IRQHandler                          0x080003bf   Thumb Code     0  startup_stm32h723xx.o(.text)
    SPI3_IRQHandler                          0x080003bf   Thumb Code     0  startup_stm32h723xx.o(.text)
    SPI4_IRQHandler                          0x080003bf   Thumb Code     0  startup_stm32h723xx.o(.text)
    SPI5_IRQHandler                          0x080003bf   Thumb Code     0  startup_stm32h723xx.o(.text)
    SPI6_IRQHandler                          0x080003bf   Thumb Code     0  startup_stm32h723xx.o(.text)
    SWPMI1_IRQHandler                        0x080003bf   Thumb Code     0  startup_stm32h723xx.o(.text)
    TAMP_STAMP_IRQHandler                    0x080003bf   Thumb Code     0  startup_stm32h723xx.o(.text)
    TIM15_IRQHandler                         0x080003bf   Thumb Code     0  startup_stm32h723xx.o(.text)
    TIM16_IRQHandler                         0x080003bf   Thumb Code     0  startup_stm32h723xx.o(.text)
    TIM17_IRQHandler                         0x080003bf   Thumb Code     0  startup_stm32h723xx.o(.text)
    TIM1_BRK_IRQHandler                      0x080003bf   Thumb Code     0  startup_stm32h723xx.o(.text)
    TIM1_CC_IRQHandler                       0x080003bf   Thumb Code     0  startup_stm32h723xx.o(.text)
    TIM1_TRG_COM_IRQHandler                  0x080003bf   Thumb Code     0  startup_stm32h723xx.o(.text)
    TIM1_UP_IRQHandler                       0x080003bf   Thumb Code     0  startup_stm32h723xx.o(.text)
    TIM23_IRQHandler                         0x080003bf   Thumb Code     0  startup_stm32h723xx.o(.text)
    TIM24_IRQHandler                         0x080003bf   Thumb Code     0  startup_stm32h723xx.o(.text)
    TIM3_IRQHandler                          0x080003bf   Thumb Code     0  startup_stm32h723xx.o(.text)
    TIM4_IRQHandler                          0x080003bf   Thumb Code     0  startup_stm32h723xx.o(.text)
    TIM5_IRQHandler                          0x080003bf   Thumb Code     0  startup_stm32h723xx.o(.text)
    TIM6_DAC_IRQHandler                      0x080003bf   Thumb Code     0  startup_stm32h723xx.o(.text)
    TIM7_IRQHandler                          0x080003bf   Thumb Code     0  startup_stm32h723xx.o(.text)
    TIM8_BRK_TIM12_IRQHandler                0x080003bf   Thumb Code     0  startup_stm32h723xx.o(.text)
    TIM8_CC_IRQHandler                       0x080003bf   Thumb Code     0  startup_stm32h723xx.o(.text)
    TIM8_TRG_COM_TIM14_IRQHandler            0x080003bf   Thumb Code     0  startup_stm32h723xx.o(.text)
    TIM8_UP_TIM13_IRQHandler                 0x080003bf   Thumb Code     0  startup_stm32h723xx.o(.text)
    UART4_IRQHandler                         0x080003bf   Thumb Code     0  startup_stm32h723xx.o(.text)
    UART5_IRQHandler                         0x080003bf   Thumb Code     0  startup_stm32h723xx.o(.text)
    UART7_IRQHandler                         0x080003bf   Thumb Code     0  startup_stm32h723xx.o(.text)
    UART8_IRQHandler                         0x080003bf   Thumb Code     0  startup_stm32h723xx.o(.text)
    UART9_IRQHandler                         0x080003bf   Thumb Code     0  startup_stm32h723xx.o(.text)
    USART10_IRQHandler                       0x080003bf   Thumb Code     0  startup_stm32h723xx.o(.text)
    USART1_IRQHandler                        0x080003bf   Thumb Code     0  startup_stm32h723xx.o(.text)
    USART2_IRQHandler                        0x080003bf   Thumb Code     0  startup_stm32h723xx.o(.text)
    USART3_IRQHandler                        0x080003bf   Thumb Code     0  startup_stm32h723xx.o(.text)
    USART6_IRQHandler                        0x080003bf   Thumb Code     0  startup_stm32h723xx.o(.text)
    WAKEUP_PIN_IRQHandler                    0x080003bf   Thumb Code     0  startup_stm32h723xx.o(.text)
    WWDG_IRQHandler                          0x080003bf   Thumb Code     0  startup_stm32h723xx.o(.text)
    __aeabi_uldivmod                         0x080003c9   Thumb Code    98  uldiv.o(.text)
    __aeabi_memcpy                           0x0800042b   Thumb Code    36  memcpya.o(.text)
    __aeabi_memcpy4                          0x0800042b   Thumb Code     0  memcpya.o(.text)
    __aeabi_memcpy8                          0x0800042b   Thumb Code     0  memcpya.o(.text)
    __aeabi_memset                           0x0800044f   Thumb Code    14  memseta.o(.text)
    __aeabi_memset4                          0x0800044f   Thumb Code     0  memseta.o(.text)
    __aeabi_memset8                          0x0800044f   Thumb Code     0  memseta.o(.text)
    __aeabi_memclr                           0x0800045d   Thumb Code     4  memseta.o(.text)
    __aeabi_memclr4                          0x0800045d   Thumb Code     0  memseta.o(.text)
    __aeabi_memclr8                          0x0800045d   Thumb Code     0  memseta.o(.text)
    memset                                   0x08000461   Thumb Code    18  memseta.o(.text)
    __aeabi_llsl                             0x08000473   Thumb Code    30  llshl.o(.text)
    _ll_shift_l                              0x08000473   Thumb Code     0  llshl.o(.text)
    __aeabi_llsr                             0x08000491   Thumb Code    32  llushr.o(.text)
    _ll_ushift_r                             0x08000491   Thumb Code     0  llushr.o(.text)
    __I$use$fp                               0x080004b1   Thumb Code     0  iusefp.o(.text)
    __scatterload                            0x080004b1   Thumb Code    28  init.o(.text)
    __scatterload_rt2                        0x080004b1   Thumb Code     0  init.o(.text)
    __decompress                             0x080004d5   Thumb Code     0  __dczerorl2.o(.text)
    __decompress1                            0x080004d5   Thumb Code    86  __dczerorl2.o(.text)
    arm_cos_f32                              0x0800052d   Thumb Code   144  arm_cos_f32.o(.text.arm_cos_f32)
    arm_mat_add_f32                          0x080005bd   Thumb Code   190  arm_mat_add_f32.o(.text.arm_mat_add_f32)
    arm_mat_init_f32                         0x0800067b   Thumb Code     8  arm_mat_init_f32.o(.text.arm_mat_init_f32)
    arm_mat_inverse_f32                      0x08000685   Thumb Code   716  arm_mat_inverse_f32.o(.text.arm_mat_inverse_f32)
    arm_mat_mult_f32                         0x08000951   Thumb Code   304  arm_mat_mult_f32.o(.text.arm_mat_mult_f32)
    arm_mat_sub_f32                          0x08000a81   Thumb Code   190  arm_mat_sub_f32.o(.text.arm_mat_sub_f32)
    arm_mat_trans_f32                        0x08000b41   Thumb Code   180  arm_mat_trans_f32.o(.text.arm_mat_trans_f32)
    arm_sin_f32                              0x08000bf5   Thumb Code   140  arm_sin_f32.o(.text.arm_sin_f32)
    BMI088_ACCEL_NS_H                        0x08000c81   Thumb Code    14  bmi088middleware.o(i.BMI088_ACCEL_NS_H)
    BMI088_ACCEL_NS_L                        0x08000c95   Thumb Code    14  bmi088middleware.o(i.BMI088_ACCEL_NS_L)
    BMI088_GYRO_NS_H                         0x08000ca9   Thumb Code    14  bmi088middleware.o(i.BMI088_GYRO_NS_H)
    BMI088_GYRO_NS_L                         0x08000cbd   Thumb Code    14  bmi088middleware.o(i.BMI088_GYRO_NS_L)
    BMI088_Read                              0x08000cd1   Thumb Code   794  bmi088driver.o(i.BMI088_Read)
    BMI088_init                              0x08001001   Thumb Code   142  bmi088driver.o(i.BMI088_init)
    BMI088_read_write_byte                   0x08001101   Thumb Code    30  bmi088middleware.o(i.BMI088_read_write_byte)
    BodyFrameToEarthFrame                    0x08001139   Thumb Code   346  ins_task.o(i.BodyFrameToEarthFrame)
    BusFault_Handler                         0x08001293   Thumb Code     4  stm32h7xx_it.o(i.BusFault_Handler)
    ChassisL_Task                            0x0800190d   Thumb Code     8  freertos.o(i.ChassisL_Task)
    ChassisL_init                            0x08001915   Thumb Code   166  chassisl_task.o(i.ChassisL_init)
    ChassisL_task                            0x080019cd   Thumb Code   314  chassisl_task.o(i.ChassisL_task)
    ChassisR_Task                            0x08001b29   Thumb Code     8  freertos.o(i.ChassisR_Task)
    ChassisR_init                            0x08001b31   Thumb Code   154  chassisr_task.o(i.ChassisR_init)
    ChassisR_task                            0x08001bdd   Thumb Code   324  chassisr_task.o(i.ChassisR_task)
    DMA1_Stream0_IRQHandler                  0x08001d4d   Thumb Code    10  stm32h7xx_it.o(i.DMA1_Stream0_IRQHandler)
    DMA1_Stream1_IRQHandler                  0x08001d5d   Thumb Code    10  stm32h7xx_it.o(i.DMA1_Stream1_IRQHandler)
    DWT_Delay                                0x08002095   Thumb Code    50  bsp_dwt.o(i.DWT_Delay)
    DWT_GetDeltaT                            0x080020d1   Thumb Code    68  bsp_dwt.o(i.DWT_GetDeltaT)
    DWT_GetTimeline_s                        0x0800211d   Thumb Code    72  bsp_dwt.o(i.DWT_GetTimeline_s)
    DWT_Init                                 0x08002171   Thumb Code    74  bsp_dwt.o(i.DWT_Init)
    DWT_SysTimeUpdate                        0x080021d9   Thumb Code   168  bsp_dwt.o(i.DWT_SysTimeUpdate)
    DebugMon_Handler                         0x080022a9   Thumb Code     2  stm32h7xx_it.o(i.DebugMon_Handler)
    EarthFrameToBodyFrame                    0x080022ab   Thumb Code   346  ins_task.o(i.EarthFrameToBodyFrame)
    Error_Handler                            0x08002405   Thumb Code     6  main.o(i.Error_Handler)
    FDCAN1_Config                            0x0800240d   Thumb Code    92  can_bsp.o(i.FDCAN1_Config)
    FDCAN1_IT0_IRQHandler                    0x0800246d   Thumb Code    10  stm32h7xx_it.o(i.FDCAN1_IT0_IRQHandler)
    FDCAN2_Config                            0x0800247d   Thumb Code    92  can_bsp.o(i.FDCAN2_Config)
    FDCAN2_IT0_IRQHandler                    0x080024dd   Thumb Code    10  stm32h7xx_it.o(i.FDCAN2_IT0_IRQHandler)
    FDCAN3_IT0_IRQHandler                    0x080024ed   Thumb Code    10  stm32h7xx_it.o(i.FDCAN3_IT0_IRQHandler)
    HAL_DMA_Abort_IT                         0x080027f1   Thumb Code   906  stm32h7xx_hal_dma.o(i.HAL_DMA_Abort_IT)
    HAL_DMA_IRQHandler                       0x08002b89   Thumb Code  2798  stm32h7xx_hal_dma.o(i.HAL_DMA_IRQHandler)
    HAL_DMA_Init                             0x08003681   Thumb Code  1292  stm32h7xx_hal_dma.o(i.HAL_DMA_Init)
    HAL_Delay                                0x08003b95   Thumb Code    36  stm32h7xx_hal.o(i.HAL_Delay)
    HAL_FDCAN_ActivateNotification           0x08003bbd   Thumb Code   158  stm32h7xx_hal_fdcan.o(i.HAL_FDCAN_ActivateNotification)
    HAL_FDCAN_AddMessageToTxFifoQ            0x08003c65   Thumb Code   144  stm32h7xx_hal_fdcan.o(i.HAL_FDCAN_AddMessageToTxFifoQ)
    HAL_FDCAN_ClockCalibrationCallback       0x08003cf5   Thumb Code     2  stm32h7xx_hal_fdcan.o(i.HAL_FDCAN_ClockCalibrationCallback)
    HAL_FDCAN_ConfigFilter                   0x08003cf7   Thumb Code   168  stm32h7xx_hal_fdcan.o(i.HAL_FDCAN_ConfigFilter)
    HAL_FDCAN_ConfigGlobalFilter             0x08003d9f   Thumb Code    52  stm32h7xx_hal_fdcan.o(i.HAL_FDCAN_ConfigGlobalFilter)
    HAL_FDCAN_ErrorCallback                  0x08003dd3   Thumb Code     2  stm32h7xx_hal_fdcan.o(i.HAL_FDCAN_ErrorCallback)
    HAL_FDCAN_ErrorStatusCallback            0x08003dd5   Thumb Code     2  stm32h7xx_hal_fdcan.o(i.HAL_FDCAN_ErrorStatusCallback)
    HAL_FDCAN_GetRxMessage                   0x08003dd9   Thumb Code   496  stm32h7xx_hal_fdcan.o(i.HAL_FDCAN_GetRxMessage)
    HAL_FDCAN_HighPriorityMessageCallback    0x08003fcd   Thumb Code     2  stm32h7xx_hal_fdcan.o(i.HAL_FDCAN_HighPriorityMessageCallback)
    HAL_FDCAN_IRQHandler                     0x08003fd1   Thumb Code   966  stm32h7xx_hal_fdcan.o(i.HAL_FDCAN_IRQHandler)
    HAL_FDCAN_Init                           0x080043a5   Thumb Code   726  stm32h7xx_hal_fdcan.o(i.HAL_FDCAN_Init)
    HAL_FDCAN_MspInit                        0x08004685   Thumb Code   408  fdcan.o(i.HAL_FDCAN_MspInit)
    HAL_FDCAN_RxBufferNewMessageCallback     0x08004839   Thumb Code     2  stm32h7xx_hal_fdcan.o(i.HAL_FDCAN_RxBufferNewMessageCallback)
    HAL_FDCAN_RxFifo0Callback                0x0800483d   Thumb Code   108  can_bsp.o(i.HAL_FDCAN_RxFifo0Callback)
    HAL_FDCAN_RxFifo1Callback                0x080048b9   Thumb Code   108  can_bsp.o(i.HAL_FDCAN_RxFifo1Callback)
    HAL_FDCAN_Start                          0x08004935   Thumb Code    52  stm32h7xx_hal_fdcan.o(i.HAL_FDCAN_Start)
    HAL_FDCAN_TT_GlobalTimeCallback          0x08004969   Thumb Code     2  stm32h7xx_hal_fdcan.o(i.HAL_FDCAN_TT_GlobalTimeCallback)
    HAL_FDCAN_TT_ScheduleSyncCallback        0x0800496b   Thumb Code     2  stm32h7xx_hal_fdcan.o(i.HAL_FDCAN_TT_ScheduleSyncCallback)
    HAL_FDCAN_TT_StopWatchCallback           0x0800496d   Thumb Code     2  stm32h7xx_hal_fdcan.o(i.HAL_FDCAN_TT_StopWatchCallback)
    HAL_FDCAN_TT_TimeMarkCallback            0x0800496f   Thumb Code     2  stm32h7xx_hal_fdcan.o(i.HAL_FDCAN_TT_TimeMarkCallback)
    HAL_FDCAN_TimeoutOccurredCallback        0x08004971   Thumb Code     2  stm32h7xx_hal_fdcan.o(i.HAL_FDCAN_TimeoutOccurredCallback)
    HAL_FDCAN_TimestampWraparoundCallback    0x08004973   Thumb Code     2  stm32h7xx_hal_fdcan.o(i.HAL_FDCAN_TimestampWraparoundCallback)
    HAL_FDCAN_TxBufferAbortCallback          0x08004975   Thumb Code     2  stm32h7xx_hal_fdcan.o(i.HAL_FDCAN_TxBufferAbortCallback)
    HAL_FDCAN_TxBufferCompleteCallback       0x08004977   Thumb Code     2  stm32h7xx_hal_fdcan.o(i.HAL_FDCAN_TxBufferCompleteCallback)
    HAL_FDCAN_TxEventFifoCallback            0x08004979   Thumb Code     2  stm32h7xx_hal_fdcan.o(i.HAL_FDCAN_TxEventFifoCallback)
    HAL_FDCAN_TxFifoEmptyCallback            0x0800497b   Thumb Code     2  stm32h7xx_hal_fdcan.o(i.HAL_FDCAN_TxFifoEmptyCallback)
    HAL_GPIO_Init                            0x0800497d   Thumb Code   446  stm32h7xx_hal_gpio.o(i.HAL_GPIO_Init)
    HAL_GPIO_ReadPin                         0x08004b6d   Thumb Code    16  stm32h7xx_hal_gpio.o(i.HAL_GPIO_ReadPin)
    HAL_GPIO_WritePin                        0x08004b7d   Thumb Code    12  stm32h7xx_hal_gpio.o(i.HAL_GPIO_WritePin)
    HAL_GetTick                              0x08004b89   Thumb Code     6  stm32h7xx_hal.o(i.HAL_GetTick)
    HAL_IncTick                              0x08004b95   Thumb Code    16  stm32h7xx_hal.o(i.HAL_IncTick)
    HAL_Init                                 0x08004bad   Thumb Code    80  stm32h7xx_hal.o(i.HAL_Init)
    HAL_InitTick                             0x08004c0d   Thumb Code   142  stm32h7xx_hal_timebase_tim.o(i.HAL_InitTick)
    HAL_MspInit                              0x08004cad   Thumb Code    42  stm32h7xx_hal_msp.o(i.HAL_MspInit)
    HAL_NVIC_EnableIRQ                       0x08004cdd   Thumb Code    40  stm32h7xx_hal_cortex.o(i.HAL_NVIC_EnableIRQ)
    HAL_NVIC_SetPriority                     0x08004d05   Thumb Code   122  stm32h7xx_hal_cortex.o(i.HAL_NVIC_SetPriority)
    HAL_NVIC_SetPriorityGrouping             0x08004d81   Thumb Code    32  stm32h7xx_hal_cortex.o(i.HAL_NVIC_SetPriorityGrouping)
    HAL_PWREx_ConfigSupply                   0x08004da9   Thumb Code    90  stm32h7xx_hal_pwr_ex.o(i.HAL_PWREx_ConfigSupply)
    HAL_RCCEx_PeriphCLKConfig                0x08004e09   Thumb Code  3272  stm32h7xx_hal_rcc_ex.o(i.HAL_RCCEx_PeriphCLKConfig)
    HAL_RCC_ClockConfig                      0x08005ad1   Thumb Code   774  stm32h7xx_hal_rcc.o(i.HAL_RCC_ClockConfig)
    HAL_RCC_GetClockConfig                   0x08005df1   Thumb Code    98  stm32h7xx_hal_rcc.o(i.HAL_RCC_GetClockConfig)
    HAL_RCC_GetHCLKFreq                      0x08005e5d   Thumb Code    60  stm32h7xx_hal_rcc.o(i.HAL_RCC_GetHCLKFreq)
    HAL_RCC_GetPCLK1Freq                     0x08005ea9   Thumb Code    26  stm32h7xx_hal_rcc.o(i.HAL_RCC_GetPCLK1Freq)
    HAL_RCC_GetSysClockFreq                  0x08005ecd   Thumb Code   524  stm32h7xx_hal_rcc.o(i.HAL_RCC_GetSysClockFreq)
    HAL_RCC_OscConfig                        0x080060f9   Thumb Code  1874  stm32h7xx_hal_rcc.o(i.HAL_RCC_OscConfig)
    HAL_SPI_ErrorCallback                    0x08006855   Thumb Code     2  stm32h7xx_hal_spi.o(i.HAL_SPI_ErrorCallback)
    HAL_SPI_IRQHandler                       0x08006859   Thumb Code   654  stm32h7xx_hal_spi.o(i.HAL_SPI_IRQHandler)
    HAL_SPI_Init                             0x08006aed   Thumb Code   420  stm32h7xx_hal_spi.o(i.HAL_SPI_Init)
    HAL_SPI_MspInit                          0x08006c9d   Thumb Code   348  spi.o(i.HAL_SPI_MspInit)
    HAL_SPI_RxCpltCallback                   0x08006e15   Thumb Code     2  stm32h7xx_hal_spi.o(i.HAL_SPI_RxCpltCallback)
    HAL_SPI_SuspendCallback                  0x08006e17   Thumb Code     2  stm32h7xx_hal_spi.o(i.HAL_SPI_SuspendCallback)
    HAL_SPI_TransmitReceive                  0x08006e19   Thumb Code   770  stm32h7xx_hal_spi.o(i.HAL_SPI_TransmitReceive)
    HAL_SPI_TxCpltCallback                   0x0800711b   Thumb Code     2  stm32h7xx_hal_spi.o(i.HAL_SPI_TxCpltCallback)
    HAL_SPI_TxRxCpltCallback                 0x0800711d   Thumb Code     2  stm32h7xx_hal_spi.o(i.HAL_SPI_TxRxCpltCallback)
    HAL_TIMEx_Break2Callback                 0x0800711f   Thumb Code     2  stm32h7xx_hal_tim_ex.o(i.HAL_TIMEx_Break2Callback)
    HAL_TIMEx_BreakCallback                  0x08007121   Thumb Code     2  stm32h7xx_hal_tim_ex.o(i.HAL_TIMEx_BreakCallback)
    HAL_TIMEx_CommutCallback                 0x08007123   Thumb Code     2  stm32h7xx_hal_tim_ex.o(i.HAL_TIMEx_CommutCallback)
    HAL_TIMEx_MasterConfigSynchronization    0x08007125   Thumb Code   190  stm32h7xx_hal_tim_ex.o(i.HAL_TIMEx_MasterConfigSynchronization)
    HAL_TIM_Base_Init                        0x08007209   Thumb Code   110  stm32h7xx_hal_tim.o(i.HAL_TIM_Base_Init)
    HAL_TIM_Base_MspInit                     0x08007277   Thumb Code     2  stm32h7xx_hal_tim.o(i.HAL_TIM_Base_MspInit)
    HAL_TIM_Base_Start_IT                    0x08007279   Thumb Code   162  stm32h7xx_hal_tim.o(i.HAL_TIM_Base_Start_IT)
    HAL_TIM_IC_CaptureCallback               0x08007345   Thumb Code     2  stm32h7xx_hal_tim.o(i.HAL_TIM_IC_CaptureCallback)
    HAL_TIM_IRQHandler                       0x08007347   Thumb Code   440  stm32h7xx_hal_tim.o(i.HAL_TIM_IRQHandler)
    HAL_TIM_MspPostInit                      0x08007501   Thumb Code    78  tim.o(i.HAL_TIM_MspPostInit)
    HAL_TIM_OC_DelayElapsedCallback          0x0800755d   Thumb Code     2  stm32h7xx_hal_tim.o(i.HAL_TIM_OC_DelayElapsedCallback)
    HAL_TIM_PWM_ConfigChannel                0x0800755f   Thumb Code   368  stm32h7xx_hal_tim.o(i.HAL_TIM_PWM_ConfigChannel)
    HAL_TIM_PWM_Init                         0x080076cf   Thumb Code   110  stm32h7xx_hal_tim.o(i.HAL_TIM_PWM_Init)
    HAL_TIM_PWM_MspInit                      0x0800773d   Thumb Code    40  tim.o(i.HAL_TIM_PWM_MspInit)
    HAL_TIM_PWM_PulseFinishedCallback        0x0800776d   Thumb Code     2  stm32h7xx_hal_tim.o(i.HAL_TIM_PWM_PulseFinishedCallback)
    HAL_TIM_PeriodElapsedCallback            0x0800776f   Thumb Code    18  main.o(i.HAL_TIM_PeriodElapsedCallback)
    HAL_TIM_TriggerCallback                  0x08007781   Thumb Code     2  stm32h7xx_hal_tim.o(i.HAL_TIM_TriggerCallback)
    HardFault_Handler                        0x080078b5   Thumb Code     4  stm32h7xx_it.o(i.HardFault_Handler)
    INS_Init                                 0x080078b9   Thumb Code    32  ins_task.o(i.INS_Init)
    INS_Task                                 0x080078ed   Thumb Code     8  freertos.o(i.INS_Task)
    INS_task                                 0x080078f5   Thumb Code   788  ins_task.o(i.INS_task)
    Kalman_Filter_Init                       0x08007c51   Thumb Code  1800  kalman_filter.o(i.Kalman_Filter_Init)
    Kalman_Filter_Measure                    0x0800835d   Thumb Code    74  kalman_filter.o(i.Kalman_Filter_Measure)
    Kalman_Filter_P_Update                   0x080083ad   Thumb Code   104  kalman_filter.o(i.Kalman_Filter_P_Update)
    Kalman_Filter_PminusUpdate               0x08008415   Thumb Code   104  kalman_filter.o(i.Kalman_Filter_PminusUpdate)
    Kalman_Filter_SetK                       0x0800847d   Thumb Code   210  kalman_filter.o(i.Kalman_Filter_SetK)
    Kalman_Filter_Update                     0x08008551   Thumb Code   294  kalman_filter.o(i.Kalman_Filter_Update)
    Kalman_Filter_xhatMinusUpdate            0x0800867d   Thumb Code   124  kalman_filter.o(i.Kalman_Filter_xhatMinusUpdate)
    Kalman_Filter_xhatUpdate                 0x080086f9   Thumb Code   134  kalman_filter.o(i.Kalman_Filter_xhatUpdate)
    LQR_K_calc                               0x0800877f   Thumb Code    50  vmc_calc.o(i.LQR_K_calc)
    MX_DMA_Init                              0x080087b1   Thumb Code    64  dma.o(i.MX_DMA_Init)
    MX_FDCAN1_Init                           0x080087f5   Thumb Code   120  fdcan.o(i.MX_FDCAN1_Init)
    MX_FDCAN2_Init                           0x08008875   Thumb Code   118  fdcan.o(i.MX_FDCAN2_Init)
    MX_FDCAN3_Init                           0x080088f5   Thumb Code   120  fdcan.o(i.MX_FDCAN3_Init)
    MX_FREERTOS_Init                         0x08008975   Thumb Code   150  freertos.o(i.MX_FREERTOS_Init)
    MX_GPIO_Init                             0x08008a29   Thumb Code   356  gpio.o(i.MX_GPIO_Init)
    MX_SPI2_Init                             0x08008b9d   Thumb Code    90  spi.o(i.MX_SPI2_Init)
    MX_TIM3_Init                             0x08008c01   Thumb Code   118  tim.o(i.MX_TIM3_Init)
    MemManage_Handler                        0x08008c81   Thumb Code     4  stm32h7xx_it.o(i.MemManage_Handler)
    NMI_Handler                              0x08008c85   Thumb Code     4  stm32h7xx_it.o(i.NMI_Handler)
    OBSERVE_Task                             0x08008c89   Thumb Code     8  freertos.o(i.OBSERVE_Task)
    Observe_task                             0x08008c91   Thumb Code   368  observe_task.o(i.Observe_task)
    PID_Calc                                 0x08008e39   Thumb Code   492  pid.o(i.PID_Calc)
    PID_init                                 0x08009029   Thumb Code    92  pid.o(i.PID_init)
    PS2_AnologData                           0x08009089   Thumb Code     8  ps2_task.o(i.PS2_AnologData)
    PS2_ClearData                            0x08009095   Thumb Code    20  ps2_task.o(i.PS2_ClearData)
    PS2_Cmd                                  0x080090ad   Thumb Code   154  ps2_task.o(i.PS2_Cmd)
    PS2_DataKey                              0x0800915d   Thumb Code    70  ps2_task.o(i.PS2_DataKey)
    PS2_EnterConfing                         0x080091b1   Thumb Code    96  ps2_task.o(i.PS2_EnterConfing)
    PS2_ExitConfing                          0x08009219   Thumb Code    96  ps2_task.o(i.PS2_ExitConfing)
    PS2_ReadData                             0x08009281   Thumb Code   188  ps2_task.o(i.PS2_ReadData)
    PS2_SetInit                              0x08009355   Thumb Code    28  ps2_task.o(i.PS2_SetInit)
    PS2_ShortPoll                            0x08009371   Thumb Code    72  ps2_task.o(i.PS2_ShortPoll)
    PS2_Task                                 0x080093c1   Thumb Code     8  freertos.o(i.PS2_Task)
    PS2_TurnOnAnalogMode                     0x080093c9   Thumb Code    88  ps2_task.o(i.PS2_TurnOnAnalogMode)
    PS2_data_process                         0x08009429   Thumb Code   558  ps2_task.o(i.PS2_data_process)
    PS2_data_read                            0x080096a1   Thumb Code   116  ps2_task.o(i.PS2_data_read)
    Pensation_init                           0x08009715   Thumb Code    64  chassisr_task.o(i.Pensation_init)
    PeriphCommonClock_Config                 0x08009769   Thumb Code    72  main.o(i.PeriphCommonClock_Config)
    RotationMatrix_update                    0x08009a79   Thumb Code   302  mahony_filter.o(i.RotationMatrix_update)
    SPI2_IRQHandler                          0x08009ba9   Thumb Code    10  stm32h7xx_it.o(i.SPI2_IRQHandler)
    StartDefaultTask                         0x08009d07   Thumb Code    10  freertos.o(i.StartDefaultTask)
    SysTick_Handler                          0x08009d11   Thumb Code    46  port.o(i.SysTick_Handler)
    SystemClock_Config                       0x08009d45   Thumb Code   176  main.o(i.SystemClock_Config)
    SystemInit                               0x08009df9   Thumb Code   192  system_stm32h7xx.o(i.SystemInit)
    TIM2_IRQHandler                          0x08009ed9   Thumb Code    10  stm32h7xx_it.o(i.TIM2_IRQHandler)
    TIM_Base_SetConfig                       0x08009ee9   Thumb Code   182  stm32h7xx_hal_tim.o(i.TIM_Base_SetConfig)
    TIM_OC2_SetConfig                        0x0800a075   Thumb Code   156  stm32h7xx_hal_tim.o(i.TIM_OC2_SetConfig)
    UsageFault_Handler                       0x0800a331   Thumb Code     4  stm32h7xx_it.o(i.UsageFault_Handler)
    VMC_calc_1_left                          0x0800a335   Thumb Code   908  vmc_calc.o(i.VMC_calc_1_left)
    VMC_calc_1_right                         0x0800a6d1   Thumb Code   892  vmc_calc.o(i.VMC_calc_1_right)
    VMC_calc_2                               0x0800aa5d   Thumb Code   406  vmc_calc.o(i.VMC_calc_2)
    VMC_init                                 0x0800abf5   Thumb Code    42  vmc_calc.o(i.VMC_init)
    __ARM_fpclassifyf                        0x0800ac2d   Thumb Code    38  fpclassifyf.o(i.__ARM_fpclassifyf)
    __hardfp_asinf                           0x0800ac8d   Thumb Code   258  asinf.o(i.__hardfp_asinf)
    __hardfp_atan2f                          0x0800adc5   Thumb Code   594  atan2f.o(i.__hardfp_atan2f)
    __hardfp_sqrt                            0x0800b079   Thumb Code   102  sqrt.o(i.__hardfp_sqrt)
    __hardfp_sqrtf                           0x0800b0df   Thumb Code    58  sqrtf.o(i.__hardfp_sqrtf)
    __mathlib_flt_infnan                     0x0800b119   Thumb Code     6  funder.o(i.__mathlib_flt_infnan)
    __mathlib_flt_infnan2                    0x0800b11f   Thumb Code     6  funder.o(i.__mathlib_flt_infnan2)
    __mathlib_flt_invalid                    0x0800b125   Thumb Code    10  funder.o(i.__mathlib_flt_invalid)
    __mathlib_flt_underflow                  0x0800b135   Thumb Code    10  funder.o(i.__mathlib_flt_underflow)
    __scatterload_copy                       0x0800b145   Thumb Code    14  handlers.o(i.__scatterload_copy)
    __scatterload_null                       0x0800b153   Thumb Code     2  handlers.o(i.__scatterload_null)
    __scatterload_zeroinit                   0x0800b155   Thumb Code    14  handlers.o(i.__scatterload_zeroinit)
    __set_errno                              0x0800b165   Thumb Code     6  errno.o(i.__set_errno)
    bmi088_accel_init                        0x0800b171   Thumb Code   348  bmi088driver.o(i.bmi088_accel_init)
    bmi088_gyro_init                         0x0800b2dd   Thumb Code   284  bmi088driver.o(i.bmi088_gyro_init)
    canx_send_data                           0x0800b40d   Thumb Code   126  can_bsp.o(i.canx_send_data)
    chassisL_control_loop                    0x0800b48d   Thumb Code  1386  chassisl_task.o(i.chassisL_control_loop)
    chassisL_feedback_update                 0x0800ba01   Thumb Code    66  chassisl_task.o(i.chassisL_feedback_update)
    chassisR_control_loop                    0x0800ba4d   Thumb Code  1532  chassisr_task.o(i.chassisR_control_loop)
    chassisR_feedback_update                 0x0800c05d   Thumb Code   134  chassisr_task.o(i.chassisR_feedback_update)
    dm4310_fbdata                            0x0800c0f9   Thumb Code   154  dm4310_drv.o(i.dm4310_fbdata)
    dm6215_fbdata                            0x0800c195   Thumb Code   154  dm4310_drv.o(i.dm6215_fbdata)
    enable_motor_mode                        0x0800c239   Thumb Code    66  dm4310_drv.o(i.enable_motor_mode)
    float_to_uint                            0x0800c285   Thumb Code    50  dm4310_drv.o(i.float_to_uint)
    ground_detectionL                        0x0800c2b9   Thumb Code   312  vmc_calc.o(i.ground_detectionL)
    ground_detectionR                        0x0800c3fd   Thumb Code   312  vmc_calc.o(i.ground_detectionR)
    joint_motor_init                         0x0800c541   Thumb Code     6  dm4310_drv.o(i.joint_motor_init)
    mahony_init                              0x0800c549   Thumb Code    40  mahony_filter.o(i.mahony_init)
    mahony_input                             0x0800c581   Thumb Code    30  mahony_filter.o(i.mahony_input)
    mahony_output                            0x0800c59f   Thumb Code    74  mahony_filter.o(i.mahony_output)
    mahony_update                            0x0800c5e9   Thumb Code   646  mahony_filter.o(i.mahony_update)
    main                                     0x0800c871   Thumb Code   102  main.o(i.main)
    malloc                                   0x0800c8f1   Thumb Code    92  malloc.o(i.malloc)
    mit_ctrl                                 0x0800c95d   Thumb Code   232  dm4310_drv.o(i.mit_ctrl)
    mit_ctrl2                                0x0800ca4d   Thumb Code   232  dm4310_drv.o(i.mit_ctrl2)
    mySaturate                               0x0800cb45   Thumb Code    40  chassisr_task.o(i.mySaturate)
    osDelay                                  0x0800cb6d   Thumb Code    24  cmsis_os.o(i.osDelay)
    osKernelStart                            0x0800cb85   Thumb Code    10  cmsis_os.o(i.osKernelStart)
    osThreadCreate                           0x0800cb8f   Thumb Code    48  cmsis_os.o(i.osThreadCreate)
    pstwo_task                               0x0800d005   Thumb Code    72  ps2_task.o(i.pstwo_task)
    pvPortMalloc                             0x0800d061   Thumb Code   306  heap_4.o(i.pvPortMalloc)
    pxPortInitialiseStack                    0x0800d1ad   Thumb Code    38  port.o(i.pxPortInitialiseStack)
    sqrtf                                    0x0800d1d9   Thumb Code    62  sqrtf.o(i.sqrtf)
    uint_to_float                            0x0800d217   Thumb Code    52  dm4310_drv.o(i.uint_to_float)
    uxListRemove                             0x0800d24b   Thumb Code    40  list.o(i.uxListRemove)
    vListInitialise                          0x0800d273   Thumb Code    26  list.o(i.vListInitialise)
    vListInitialiseItem                      0x0800d28d   Thumb Code     6  list.o(i.vListInitialiseItem)
    vListInsert                              0x0800d293   Thumb Code    52  list.o(i.vListInsert)
    vListInsertEnd                           0x0800d2c7   Thumb Code    24  list.o(i.vListInsertEnd)
    vPortEnterCritical                       0x0800d2e1   Thumb Code    76  port.o(i.vPortEnterCritical)
    vPortExitCritical                        0x0800d335   Thumb Code    56  port.o(i.vPortExitCritical)
    vPortFree                                0x0800d371   Thumb Code   150  heap_4.o(i.vPortFree)
    vPortSetupTimerInterrupt                 0x0800d415   Thumb Code    36  port.o(i.vPortSetupTimerInterrupt)
    vTaskDelay                               0x0800d43d   Thumb Code    82  tasks.o(i.vTaskDelay)
    vTaskStartScheduler                      0x0800d499   Thumb Code   108  tasks.o(i.vTaskStartScheduler)
    vTaskSuspendAll                          0x0800d521   Thumb Code    12  tasks.o(i.vTaskSuspendAll)
    vTaskSwitchContext                       0x0800d531   Thumb Code   118  tasks.o(i.vTaskSwitchContext)
    wheel_motor_init                         0x0800d5bd   Thumb Code     6  dm4310_drv.o(i.wheel_motor_init)
    xPortStartScheduler                      0x0800d5c5   Thumb Code   330  port.o(i.xPortStartScheduler)
    xTaskCreate                              0x0800d72d   Thumb Code    96  tasks.o(i.xTaskCreate)
    xTaskIncrementTick                       0x0800d78d   Thumb Code   282  tasks.o(i.xTaskIncrementTick)
    xTaskResumeAll                           0x0800d8d5   Thumb Code   224  tasks.o(i.xTaskResumeAll)
    xvEstimateKF_Init                        0x0800d9d9   Thumb Code    96  observe_task.o(i.xvEstimateKF_Init)
    xvEstimateKF_Update                      0x0800da4d   Thumb Code   100  observe_task.o(i.xvEstimateKF_Update)
    D1CorePrescTable                         0x0800db98   Data          16  system_stm32h7xx.o(.constdata)
    vaEstimateKF_H                           0x0800dbe4   Data          16  observe_task.o(.constdata)
    sinTable_f32                             0x0800dc48   Data        2052  arm_common_tables.o(.rodata.sinTable_f32)
    Region$$Table$$Base                      0x0800e44c   Number         0  anon$$obj.o(Region$$Table)
    Region$$Table$$Limit                     0x0800e46c   Number         0  anon$$obj.o(Region$$Table)
    defaultTaskHandle                        0x24000000   Data           4  freertos.o(.data)
    INS_TASKHandle                           0x24000004   Data           4  freertos.o(.data)
    CHASSISR_TASKHandle                      0x24000008   Data           4  freertos.o(.data)
    CHASSISL_TASKHandle                      0x2400000c   Data           4  freertos.o(.data)
    OBSERVE_TASKHandle                       0x24000010   Data           4  freertos.o(.data)
    PS2_TASKHandle                           0x24000014   Data           4  freertos.o(.data)
    uwTick                                   0x2400001c   Data           4  stm32h7xx_hal.o(.data)
    uwTickPrio                               0x24000020   Data           4  stm32h7xx_hal.o(.data)
    uwTickFreq                               0x24000024   Data           1  stm32h7xx_hal.o(.data)
    SystemCoreClock                          0x24000028   Data           4  system_stm32h7xx.o(.data)
    SystemD2Clock                            0x2400002c   Data           4  system_stm32h7xx.o(.data)
    BMI088_ACCEL_SEN                         0x24000030   Data           4  bmi088driver.o(.data)
    BMI088_GYRO_SEN                          0x24000034   Data           4  bmi088driver.o(.data)
    gNormDiff                                0x2400003c   Data           4  bmi088driver.o(.data)
    caliOffset                               0x24000040   Data           1  bmi088driver.o(.data)
    caliCount                                0x24000042   Data           2  bmi088driver.o(.data)
    BMI088_SPI                               0x2400007c   Data           4  bmi088middleware.o(.data)
    aver_fnr                                 0x24000080   Data           4  vmc_calc.o(.data)
    aver_fnl                                 0x24000084   Data           4  vmc_calc.o(.data)
    sizeof_float                             0x24000098   Data           2  kalman_filter.o(.data)
    sizeof_double                            0x2400009a   Data           2  kalman_filter.o(.data)
    pxCurrentTCB                             0x2400009c   Data           4  tasks.o(.data)
    gravity                                  0x24000104   Data          12  ins_task.o(.data)
    INS_DWT_Count                            0x24000110   Data           4  ins_task.o(.data)
    ins_dt                                   0x24000114   Data           4  ins_task.o(.data)
    ins_time                                 0x24000118   Data           4  ins_task.o(.data)
    stop_time                                0x2400011c   Data           4  ins_task.o(.data)
    LQR_K_L                                  0x24000120   Data          48  chassisl_task.o(.data)
    jump_time2                               0x24000150   Data           4  chassisl_task.o(.data)
    CHASSL_TIME                              0x24000154   Data           4  chassisl_task.o(.data)
    left_flag                                0x24000158   Data           1  chassisl_task.o(.data)
    LQR_K_R                                  0x2400015c   Data          48  chassisr_task.o(.data)
    Poly_Coefficient                         0x2400018c   Data         192  chassisr_task.o(.data)
    jump_time                                0x2400024c   Data           4  chassisr_task.o(.data)
    CHASSR_TIME                              0x24000250   Data           4  chassisr_task.o(.data)
    right_flag                               0x24000254   Data           1  chassisr_task.o(.data)
    mg                                       0x24000258   Data           4  chassisr_task.o(.data)
    vaEstimateKF_F                           0x2400025c   Data          16  observe_task.o(.data)
    vaEstimateKF_P                           0x2400026c   Data          16  observe_task.o(.data)
    vaEstimateKF_Q                           0x2400027c   Data          16  observe_task.o(.data)
    vaEstimateKF_R                           0x2400028c   Data          16  observe_task.o(.data)
    vel_acc                                  0x2400029c   Data           8  observe_task.o(.data)
    OBSERVE_TIME                             0x240002a4   Data           4  observe_task.o(.data)
    Handkey                                  0x240002bc   Data           2  ps2_task.o(.data)
    Comd                                     0x240002be   Data           2  ps2_task.o(.data)
    MASK                                     0x240002c0   Data          32  ps2_task.o(.data)
    PS2_TIME                                 0x240002e0   Data           4  ps2_task.o(.data)
    reve_flag                                0x240002e4   Data           1  ps2_task.o(.data)
    SysTime                                  0x240002e8   Data           8  bsp_dwt.o(.data)
    CYCCNT64                                 0x24000308   Data           8  bsp_dwt.o(.data)
    __microlib_freelist                      0x24000328   Data           4  mvars.o(.data)
    __microlib_freelist_initialised          0x2400032c   Data           4  mvars.o(.data)
    hfdcan1                                  0x24000334   Data         160  fdcan.o(.bss)
    hfdcan2                                  0x240003d4   Data         160  fdcan.o(.bss)
    hfdcan3                                  0x24000474   Data         160  fdcan.o(.bss)
    hspi2                                    0x24000514   Data         136  spi.o(.bss)
    hdma_spi2_rx                             0x2400059c   Data         120  spi.o(.bss)
    hdma_spi2_tx                             0x24000614   Data         120  spi.o(.bss)
    htim3                                    0x2400068c   Data          76  tim.o(.bss)
    htim2                                    0x240006d8   Data          76  stm32h7xx_hal_timebase_tim.o(.bss)
    gyroDiff                                 0x24000724   Data          12  bmi088driver.o(.bss)
    BMI088                                   0x24000730   Data          64  bmi088driver.o(.bss)
    averr                                    0x24000770   Data          16  vmc_calc.o(.bss)
    averl                                    0x24000780   Data          16  vmc_calc.o(.bss)
    INS                                      0x24008080   Data         148  ins_task.o(.bss)
    mahony                                   0x24008114   Data         132  ins_task.o(.bss)
    Gyro                                     0x24008198   Data          12  ins_task.o(.bss)
    Accel                                    0x240081a4   Data          12  ins_task.o(.bss)
    left                                     0x240081b0   Data         176  chassisl_task.o(.bss)
    LegL_Pid                                 0x24008260   Data          72  chassisl_task.o(.bss)
    right                                    0x240082a8   Data         176  chassisr_task.o(.bss)
    chassis_move                             0x24008358   Data         440  chassisr_task.o(.bss)
    LegR_Pid                                 0x24008510   Data          72  chassisr_task.o(.bss)
    Tp_Pid                                   0x24008558   Data          72  chassisr_task.o(.bss)
    Turn_Pid                                 0x240085a0   Data          72  chassisr_task.o(.bss)
    Roll_Pid                                 0x240085e8   Data          72  chassisr_task.o(.bss)
    vaEstimateKF                             0x24008630   Data         320  observe_task.o(.bss)
    vaEstimateKF_K                           0x24008770   Data          16  observe_task.o(.bss)
    ps2data                                  0x24008780   Data          12  ps2_task.o(.bss)
    Data                                     0x2400878c   Data           9  ps2_task.o(.bss)
    RxHeader1                                0x24008798   Data          40  can_bsp.o(.bss)
    g_Can1RxData                             0x240087c0   Data          64  can_bsp.o(.bss)
    RxHeader2                                0x24008800   Data          40  can_bsp.o(.bss)
    g_Can2RxData                             0x24008828   Data          64  can_bsp.o(.bss)
    __heap_base                              0x24008868   Data           0  startup_stm32h723xx.o(HEAP)
    __heap_limit                             0x24008a68   Data           0  startup_stm32h723xx.o(HEAP)
    __initial_sp                             0x24009268   Data           0  startup_stm32h723xx.o(STACK)



==============================================================================

Memory Map of the image

  Image Entry point : 0x080002cd

  Load Region LR_IROM1 (Base: 0x08000000, Size: 0x0000e7a0, Max: 0x00100000, ABSOLUTE, COMPRESSED[0x0000e5f4])

    Execution Region ER_IROM1 (Exec base: 0x08000000, Load base: 0x08000000, Size: 0x0000e46c, Max: 0x00100000, ABSOLUTE)

    Exec Addr    Load Addr    Size         Type   Attr      Idx    E Section Name        Object

    0x08000000   0x08000000   0x000002cc   Data   RO            3    RESET               startup_stm32h723xx.o
    0x080002cc   0x080002cc   0x00000000   Code   RO         8307  * .ARM.Collect$$$$00000000  mc_w.l(entry.o)
    0x080002cc   0x080002cc   0x00000004   Code   RO         8364    .ARM.Collect$$$$00000001  mc_w.l(entry2.o)
    0x080002d0   0x080002d0   0x00000004   Code   RO         8367    .ARM.Collect$$$$00000004  mc_w.l(entry5.o)
    0x080002d4   0x080002d4   0x00000000   Code   RO         8369    .ARM.Collect$$$$00000008  mc_w.l(entry7b.o)
    0x080002d4   0x080002d4   0x00000000   Code   RO         8371    .ARM.Collect$$$$0000000A  mc_w.l(entry8b.o)
    0x080002d4   0x080002d4   0x00000008   Code   RO         8372    .ARM.Collect$$$$0000000B  mc_w.l(entry9a.o)
    0x080002dc   0x080002dc   0x00000004   Code   RO         8379    .ARM.Collect$$$$0000000E  mc_w.l(entry12b.o)
    0x080002e0   0x080002e0   0x00000000   Code   RO         8374    .ARM.Collect$$$$0000000F  mc_w.l(entry10a.o)
    0x080002e0   0x080002e0   0x00000000   Code   RO         8376    .ARM.Collect$$$$00000011  mc_w.l(entry11a.o)
    0x080002e0   0x080002e0   0x00000004   Code   RO         8365    .ARM.Collect$$$$00002712  mc_w.l(entry2.o)
    0x080002e4   0x080002e4   0x000000be   Code   RO         7342    .emb_text           port.o
    0x080003a2   0x080003a2   0x00000002   PAD
    0x080003a4   0x080003a4   0x00000024   Code   RO            4    .text               startup_stm32h723xx.o
    0x080003c8   0x080003c8   0x00000062   Code   RO         8310    .text               mc_w.l(uldiv.o)
    0x0800042a   0x0800042a   0x00000024   Code   RO         8312    .text               mc_w.l(memcpya.o)
    0x0800044e   0x0800044e   0x00000024   Code   RO         8316    .text               mc_w.l(memseta.o)
    0x08000472   0x08000472   0x0000001e   Code   RO         8380    .text               mc_w.l(llshl.o)
    0x08000490   0x08000490   0x00000020   Code   RO         8382    .text               mc_w.l(llushr.o)
    0x080004b0   0x080004b0   0x00000000   Code   RO         8393    .text               mc_w.l(iusefp.o)
    0x080004b0   0x080004b0   0x00000024   Code   RO         8394    .text               mc_w.l(init.o)
    0x080004d4   0x080004d4   0x00000056   Code   RO         8404    .text               mc_w.l(__dczerorl2.o)
    0x0800052a   0x0800052a   0x00000002   PAD
    0x0800052c   0x0800052c   0x00000090   Code   RO         8074    .text.arm_cos_f32   arm_cortexM7lfdp_math.lib(arm_cos_f32.o)
    0x080005bc   0x080005bc   0x000000be   Code   RO         8094    .text.arm_mat_add_f32  arm_cortexM7lfdp_math.lib(arm_mat_add_f32.o)
    0x0800067a   0x0800067a   0x00000008   Code   RO         8104    .text.arm_mat_init_f32  arm_cortexM7lfdp_math.lib(arm_mat_init_f32.o)
    0x08000682   0x08000682   0x00000002   PAD
    0x08000684   0x08000684   0x000002cc   Code   RO         8113    .text.arm_mat_inverse_f32  arm_cortexM7lfdp_math.lib(arm_mat_inverse_f32.o)
    0x08000950   0x08000950   0x00000130   Code   RO         8123    .text.arm_mat_mult_f32  arm_cortexM7lfdp_math.lib(arm_mat_mult_f32.o)
    0x08000a80   0x08000a80   0x000000be   Code   RO         8133    .text.arm_mat_sub_f32  arm_cortexM7lfdp_math.lib(arm_mat_sub_f32.o)
    0x08000b3e   0x08000b3e   0x00000002   PAD
    0x08000b40   0x08000b40   0x000000b4   Code   RO         8143    .text.arm_mat_trans_f32  arm_cortexM7lfdp_math.lib(arm_mat_trans_f32.o)
    0x08000bf4   0x08000bf4   0x0000008c   Code   RO         8084    .text.arm_sin_f32   arm_cortexM7lfdp_math.lib(arm_sin_f32.o)
    0x08000c80   0x08000c80   0x00000014   Code   RO         5510    i.BMI088_ACCEL_NS_H  bmi088middleware.o
    0x08000c94   0x08000c94   0x00000014   Code   RO         5511    i.BMI088_ACCEL_NS_L  bmi088middleware.o
    0x08000ca8   0x08000ca8   0x00000014   Code   RO         5512    i.BMI088_GYRO_NS_H  bmi088middleware.o
    0x08000cbc   0x08000cbc   0x00000014   Code   RO         5513    i.BMI088_GYRO_NS_L  bmi088middleware.o
    0x08000cd0   0x08000cd0   0x00000330   Code   RO         5420    i.BMI088_Read       bmi088driver.o
    0x08001000   0x08001000   0x000000c0   Code   RO         5421    i.BMI088_init       bmi088driver.o
    0x080010c0   0x080010c0   0x00000026   Code   RO         5422    i.BMI088_read_muli_reg  bmi088driver.o
    0x080010e6   0x080010e6   0x00000018   Code   RO         5423    i.BMI088_read_single_reg  bmi088driver.o
    0x080010fe   0x080010fe   0x00000002   PAD
    0x08001100   0x08001100   0x00000024   Code   RO         5514    i.BMI088_read_write_byte  bmi088middleware.o
    0x08001124   0x08001124   0x00000014   Code   RO         5424    i.BMI088_write_single_reg  bmi088driver.o
    0x08001138   0x08001138   0x0000015a   Code   RO         7422    i.BodyFrameToEarthFrame  ins_task.o
    0x08001292   0x08001292   0x00000004   Code   RO          730    i.BusFault_Handler  stm32h7xx_it.o
    0x08001296   0x08001296   0x00000002   PAD
    0x08001298   0x08001298   0x00000674   Code   RO         5425    i.Calibrate_MPU_Offset  bmi088driver.o
    0x0800190c   0x0800190c   0x00000008   Code   RO          296    i.ChassisL_Task     freertos.o
    0x08001914   0x08001914   0x000000b8   Code   RO         7481    i.ChassisL_init     chassisl_task.o
    0x080019cc   0x080019cc   0x0000015c   Code   RO         7482    i.ChassisL_task     chassisl_task.o
    0x08001b28   0x08001b28   0x00000008   Code   RO          297    i.ChassisR_Task     freertos.o
    0x08001b30   0x08001b30   0x000000ac   Code   RO         7546    i.ChassisR_init     chassisr_task.o
    0x08001bdc   0x08001bdc   0x00000170   Code   RO         7547    i.ChassisR_task     chassisr_task.o
    0x08001d4c   0x08001d4c   0x00000010   Code   RO          731    i.DMA1_Stream0_IRQHandler  stm32h7xx_it.o
    0x08001d5c   0x08001d5c   0x00000010   Code   RO          732    i.DMA1_Stream1_IRQHandler  stm32h7xx_it.o
    0x08001d6c   0x08001d6c   0x000000ec   Code   RO         1759    i.DMA_CalcBaseAndBitshift  stm32h7xx_hal_dma.o
    0x08001e58   0x08001e58   0x000000c4   Code   RO         1760    i.DMA_CalcDMAMUXChannelBaseAndMask  stm32h7xx_hal_dma.o
    0x08001f1c   0x08001f1c   0x00000098   Code   RO         1761    i.DMA_CalcDMAMUXRequestGenBaseAndMask  stm32h7xx_hal_dma.o
    0x08001fb4   0x08001fb4   0x000000ae   Code   RO         1762    i.DMA_CheckFifoParam  stm32h7xx_hal_dma.o
    0x08002062   0x08002062   0x00000002   PAD
    0x08002064   0x08002064   0x00000030   Code   RO         7782    i.DWT_CNT_Update    bsp_dwt.o
    0x08002094   0x08002094   0x0000003c   Code   RO         7783    i.DWT_Delay         bsp_dwt.o
    0x080020d0   0x080020d0   0x0000004c   Code   RO         7784    i.DWT_GetDeltaT     bsp_dwt.o
    0x0800211c   0x0800211c   0x00000054   Code   RO         7787    i.DWT_GetTimeline_s  bsp_dwt.o
    0x08002170   0x08002170   0x00000068   Code   RO         7789    i.DWT_Init          bsp_dwt.o
    0x080021d8   0x080021d8   0x000000d0   Code   RO         7790    i.DWT_SysTimeUpdate  bsp_dwt.o
    0x080022a8   0x080022a8   0x00000002   Code   RO          733    i.DebugMon_Handler  stm32h7xx_it.o
    0x080022aa   0x080022aa   0x0000015a   Code   RO         7423    i.EarthFrameToBodyFrame  ins_task.o
    0x08002404   0x08002404   0x00000006   Code   RO           13    i.Error_Handler     main.o
    0x0800240a   0x0800240a   0x00000002   PAD
    0x0800240c   0x0800240c   0x00000060   Code   RO         7859    i.FDCAN1_Config     can_bsp.o
    0x0800246c   0x0800246c   0x00000010   Code   RO          734    i.FDCAN1_IT0_IRQHandler  stm32h7xx_it.o
    0x0800247c   0x0800247c   0x00000060   Code   RO         7860    i.FDCAN2_Config     can_bsp.o
    0x080024dc   0x080024dc   0x00000010   Code   RO          735    i.FDCAN2_IT0_IRQHandler  stm32h7xx_it.o
    0x080024ec   0x080024ec   0x00000010   Code   RO          736    i.FDCAN3_IT0_IRQHandler  stm32h7xx_it.o
    0x080024fc   0x080024fc   0x00000220   Code   RO         3400    i.FDCAN_CalcultateRamBlockAddresses  stm32h7xx_hal_fdcan.o
    0x0800271c   0x0800271c   0x000000d4   Code   RO         3401    i.FDCAN_CopyMessageToRAM  stm32h7xx_hal_fdcan.o
    0x080027f0   0x080027f0   0x00000398   Code   RO         1765    i.HAL_DMA_Abort_IT  stm32h7xx_hal_dma.o
    0x08002b88   0x08002b88   0x00000af8   Code   RO         1769    i.HAL_DMA_IRQHandler  stm32h7xx_hal_dma.o
    0x08003680   0x08003680   0x00000514   Code   RO         1770    i.HAL_DMA_Init      stm32h7xx_hal_dma.o
    0x08003b94   0x08003b94   0x00000028   Code   RO         2461    i.HAL_Delay         stm32h7xx_hal.o
    0x08003bbc   0x08003bbc   0x000000a8   Code   RO         3403    i.HAL_FDCAN_ActivateNotification  stm32h7xx_hal_fdcan.o
    0x08003c64   0x08003c64   0x00000090   Code   RO         3405    i.HAL_FDCAN_AddMessageToTxFifoQ  stm32h7xx_hal_fdcan.o
    0x08003cf4   0x08003cf4   0x00000002   Code   RO         3406    i.HAL_FDCAN_ClockCalibrationCallback  stm32h7xx_hal_fdcan.o
    0x08003cf6   0x08003cf6   0x000000a8   Code   RO         3410    i.HAL_FDCAN_ConfigFilter  stm32h7xx_hal_fdcan.o
    0x08003d9e   0x08003d9e   0x00000034   Code   RO         3411    i.HAL_FDCAN_ConfigGlobalFilter  stm32h7xx_hal_fdcan.o
    0x08003dd2   0x08003dd2   0x00000002   Code   RO         3432    i.HAL_FDCAN_ErrorCallback  stm32h7xx_hal_fdcan.o
    0x08003dd4   0x08003dd4   0x00000002   Code   RO         3433    i.HAL_FDCAN_ErrorStatusCallback  stm32h7xx_hal_fdcan.o
    0x08003dd6   0x08003dd6   0x00000002   PAD
    0x08003dd8   0x08003dd8   0x000001f4   Code   RO         3444    i.HAL_FDCAN_GetRxMessage  stm32h7xx_hal_fdcan.o
    0x08003fcc   0x08003fcc   0x00000002   Code   RO         3450    i.HAL_FDCAN_HighPriorityMessageCallback  stm32h7xx_hal_fdcan.o
    0x08003fce   0x08003fce   0x00000002   PAD
    0x08003fd0   0x08003fd0   0x000003d4   Code   RO         3451    i.HAL_FDCAN_IRQHandler  stm32h7xx_hal_fdcan.o
    0x080043a4   0x080043a4   0x000002e0   Code   RO         3452    i.HAL_FDCAN_Init    stm32h7xx_hal_fdcan.o
    0x08004684   0x08004684   0x000001b4   Code   RO          586    i.HAL_FDCAN_MspInit  fdcan.o
    0x08004838   0x08004838   0x00000002   Code   RO         3461    i.HAL_FDCAN_RxBufferNewMessageCallback  stm32h7xx_hal_fdcan.o
    0x0800483a   0x0800483a   0x00000002   PAD
    0x0800483c   0x0800483c   0x0000007c   Code   RO         7861    i.HAL_FDCAN_RxFifo0Callback  can_bsp.o
    0x080048b8   0x080048b8   0x0000007c   Code   RO         7862    i.HAL_FDCAN_RxFifo1Callback  can_bsp.o
    0x08004934   0x08004934   0x00000034   Code   RO         3464    i.HAL_FDCAN_Start   stm32h7xx_hal_fdcan.o
    0x08004968   0x08004968   0x00000002   Code   RO         3486    i.HAL_FDCAN_TT_GlobalTimeCallback  stm32h7xx_hal_fdcan.o
    0x0800496a   0x0800496a   0x00000002   Code   RO         3487    i.HAL_FDCAN_TT_ScheduleSyncCallback  stm32h7xx_hal_fdcan.o
    0x0800496c   0x0800496c   0x00000002   Code   RO         3492    i.HAL_FDCAN_TT_StopWatchCallback  stm32h7xx_hal_fdcan.o
    0x0800496e   0x0800496e   0x00000002   Code   RO         3493    i.HAL_FDCAN_TT_TimeMarkCallback  stm32h7xx_hal_fdcan.o
    0x08004970   0x08004970   0x00000002   Code   RO         3494    i.HAL_FDCAN_TimeoutOccurredCallback  stm32h7xx_hal_fdcan.o
    0x08004972   0x08004972   0x00000002   Code   RO         3495    i.HAL_FDCAN_TimestampWraparoundCallback  stm32h7xx_hal_fdcan.o
    0x08004974   0x08004974   0x00000002   Code   RO         3496    i.HAL_FDCAN_TxBufferAbortCallback  stm32h7xx_hal_fdcan.o
    0x08004976   0x08004976   0x00000002   Code   RO         3497    i.HAL_FDCAN_TxBufferCompleteCallback  stm32h7xx_hal_fdcan.o
    0x08004978   0x08004978   0x00000002   Code   RO         3498    i.HAL_FDCAN_TxEventFifoCallback  stm32h7xx_hal_fdcan.o
    0x0800497a   0x0800497a   0x00000002   Code   RO         3499    i.HAL_FDCAN_TxFifoEmptyCallback  stm32h7xx_hal_fdcan.o
    0x0800497c   0x0800497c   0x000001f0   Code   RO         1612    i.HAL_GPIO_Init     stm32h7xx_hal_gpio.o
    0x08004b6c   0x08004b6c   0x00000010   Code   RO         1614    i.HAL_GPIO_ReadPin  stm32h7xx_hal_gpio.o
    0x08004b7c   0x08004b7c   0x0000000c   Code   RO         1616    i.HAL_GPIO_WritePin  stm32h7xx_hal_gpio.o
    0x08004b88   0x08004b88   0x0000000c   Code   RO         2477    i.HAL_GetTick       stm32h7xx_hal.o
    0x08004b94   0x08004b94   0x00000018   Code   RO         2483    i.HAL_IncTick       stm32h7xx_hal.o
    0x08004bac   0x08004bac   0x00000060   Code   RO         2484    i.HAL_Init          stm32h7xx_hal.o
    0x08004c0c   0x08004c0c   0x000000a0   Code   RO          854    i.HAL_InitTick      stm32h7xx_hal_timebase_tim.o
    0x08004cac   0x08004cac   0x00000030   Code   RO          830    i.HAL_MspInit       stm32h7xx_hal_msp.o
    0x08004cdc   0x08004cdc   0x00000028   Code   RO          899    i.HAL_NVIC_EnableIRQ  stm32h7xx_hal_cortex.o
    0x08004d04   0x08004d04   0x0000007a   Code   RO          905    i.HAL_NVIC_SetPriority  stm32h7xx_hal_cortex.o
    0x08004d7e   0x08004d7e   0x00000002   PAD
    0x08004d80   0x08004d80   0x00000028   Code   RO          906    i.HAL_NVIC_SetPriorityGrouping  stm32h7xx_hal_cortex.o
    0x08004da8   0x08004da8   0x00000060   Code   RO         2213    i.HAL_PWREx_ConfigSupply  stm32h7xx_hal_pwr_ex.o
    0x08004e08   0x08004e08   0x00000cc8   Code   RO         1164    i.HAL_RCCEx_PeriphCLKConfig  stm32h7xx_hal_rcc_ex.o
    0x08005ad0   0x08005ad0   0x00000320   Code   RO         1040    i.HAL_RCC_ClockConfig  stm32h7xx_hal_rcc.o
    0x08005df0   0x08005df0   0x0000006c   Code   RO         1044    i.HAL_RCC_GetClockConfig  stm32h7xx_hal_rcc.o
    0x08005e5c   0x08005e5c   0x0000004c   Code   RO         1045    i.HAL_RCC_GetHCLKFreq  stm32h7xx_hal_rcc.o
    0x08005ea8   0x08005ea8   0x00000024   Code   RO         1047    i.HAL_RCC_GetPCLK1Freq  stm32h7xx_hal_rcc.o
    0x08005ecc   0x08005ecc   0x0000022c   Code   RO         1049    i.HAL_RCC_GetSysClockFreq  stm32h7xx_hal_rcc.o
    0x080060f8   0x080060f8   0x0000075c   Code   RO         1052    i.HAL_RCC_OscConfig  stm32h7xx_hal_rcc.o
    0x08006854   0x08006854   0x00000002   Code   RO         4025    i.HAL_SPI_ErrorCallback  stm32h7xx_hal_spi.o
    0x08006856   0x08006856   0x00000002   PAD
    0x08006858   0x08006858   0x00000294   Code   RO         4028    i.HAL_SPI_IRQHandler  stm32h7xx_hal_spi.o
    0x08006aec   0x08006aec   0x000001b0   Code   RO         4029    i.HAL_SPI_Init      stm32h7xx_hal_spi.o
    0x08006c9c   0x08006c9c   0x00000178   Code   RO          641    i.HAL_SPI_MspInit   spi.o
    0x08006e14   0x08006e14   0x00000002   Code   RO         4035    i.HAL_SPI_RxCpltCallback  stm32h7xx_hal_spi.o
    0x08006e16   0x08006e16   0x00000002   Code   RO         4037    i.HAL_SPI_SuspendCallback  stm32h7xx_hal_spi.o
    0x08006e18   0x08006e18   0x00000302   Code   RO         4039    i.HAL_SPI_TransmitReceive  stm32h7xx_hal_spi.o
    0x0800711a   0x0800711a   0x00000002   Code   RO         4044    i.HAL_SPI_TxCpltCallback  stm32h7xx_hal_spi.o
    0x0800711c   0x0800711c   0x00000002   Code   RO         4046    i.HAL_SPI_TxRxCpltCallback  stm32h7xx_hal_spi.o
    0x0800711e   0x0800711e   0x00000002   Code   RO         5079    i.HAL_TIMEx_Break2Callback  stm32h7xx_hal_tim_ex.o
    0x08007120   0x08007120   0x00000002   Code   RO         5080    i.HAL_TIMEx_BreakCallback  stm32h7xx_hal_tim_ex.o
    0x08007122   0x08007122   0x00000002   Code   RO         5081    i.HAL_TIMEx_CommutCallback  stm32h7xx_hal_tim_ex.o
    0x08007124   0x08007124   0x000000e4   Code   RO         5102    i.HAL_TIMEx_MasterConfigSynchronization  stm32h7xx_hal_tim_ex.o
    0x08007208   0x08007208   0x0000006e   Code   RO         4354    i.HAL_TIM_Base_Init  stm32h7xx_hal_tim.o
    0x08007276   0x08007276   0x00000002   Code   RO         4356    i.HAL_TIM_Base_MspInit  stm32h7xx_hal_tim.o
    0x08007278   0x08007278   0x000000cc   Code   RO         4359    i.HAL_TIM_Base_Start_IT  stm32h7xx_hal_tim.o
    0x08007344   0x08007344   0x00000002   Code   RO         4388    i.HAL_TIM_IC_CaptureCallback  stm32h7xx_hal_tim.o
    0x08007346   0x08007346   0x000001b8   Code   RO         4402    i.HAL_TIM_IRQHandler  stm32h7xx_hal_tim.o
    0x080074fe   0x080074fe   0x00000002   PAD
    0x08007500   0x08007500   0x0000005c   Code   RO          682    i.HAL_TIM_MspPostInit  tim.o
    0x0800755c   0x0800755c   0x00000002   Code   RO         4405    i.HAL_TIM_OC_DelayElapsedCallback  stm32h7xx_hal_tim.o
    0x0800755e   0x0800755e   0x00000170   Code   RO         4426    i.HAL_TIM_PWM_ConfigChannel  stm32h7xx_hal_tim.o
    0x080076ce   0x080076ce   0x0000006e   Code   RO         4429    i.HAL_TIM_PWM_Init  stm32h7xx_hal_tim.o
    0x0800773c   0x0800773c   0x00000030   Code   RO          684    i.HAL_TIM_PWM_MspInit  tim.o
    0x0800776c   0x0800776c   0x00000002   Code   RO         4432    i.HAL_TIM_PWM_PulseFinishedCallback  stm32h7xx_hal_tim.o
    0x0800776e   0x0800776e   0x00000012   Code   RO           14    i.HAL_TIM_PeriodElapsedCallback  main.o
    0x08007780   0x08007780   0x00000002   Code   RO         4445    i.HAL_TIM_TriggerCallback  stm32h7xx_hal_tim.o
    0x08007782   0x08007782   0x00000002   PAD
    0x08007784   0x08007784   0x00000130   Code   RO         5893    i.H_K_R_Adjustment  kalman_filter.o
    0x080078b4   0x080078b4   0x00000004   Code   RO          737    i.HardFault_Handler  stm32h7xx_it.o
    0x080078b8   0x080078b8   0x00000034   Code   RO         7424    i.INS_Init          ins_task.o
    0x080078ec   0x080078ec   0x00000008   Code   RO          298    i.INS_Task          freertos.o
    0x080078f4   0x080078f4   0x0000035c   Code   RO         7425    i.INS_task          ins_task.o
    0x08007c50   0x08007c50   0x0000070c   Code   RO         5894    i.Kalman_Filter_Init  kalman_filter.o
    0x0800835c   0x0800835c   0x00000050   Code   RO         5895    i.Kalman_Filter_Measure  kalman_filter.o
    0x080083ac   0x080083ac   0x00000068   Code   RO         5896    i.Kalman_Filter_P_Update  kalman_filter.o
    0x08008414   0x08008414   0x00000068   Code   RO         5897    i.Kalman_Filter_PminusUpdate  kalman_filter.o
    0x0800847c   0x0800847c   0x000000d2   Code   RO         5898    i.Kalman_Filter_SetK  kalman_filter.o
    0x0800854e   0x0800854e   0x00000002   PAD
    0x08008550   0x08008550   0x0000012c   Code   RO         5899    i.Kalman_Filter_Update  kalman_filter.o
    0x0800867c   0x0800867c   0x0000007c   Code   RO         5900    i.Kalman_Filter_xhatMinusUpdate  kalman_filter.o
    0x080086f8   0x080086f8   0x00000086   Code   RO         5901    i.Kalman_Filter_xhatUpdate  kalman_filter.o
    0x0800877e   0x0800877e   0x00000032   Code   RO         5819    i.LQR_K_calc        vmc_calc.o
    0x080087b0   0x080087b0   0x00000044   Code   RO          561    i.MX_DMA_Init       dma.o
    0x080087f4   0x080087f4   0x00000080   Code   RO          587    i.MX_FDCAN1_Init    fdcan.o
    0x08008874   0x08008874   0x00000080   Code   RO          588    i.MX_FDCAN2_Init    fdcan.o
    0x080088f4   0x080088f4   0x00000080   Code   RO          589    i.MX_FDCAN3_Init    fdcan.o
    0x08008974   0x08008974   0x000000b4   Code   RO          299    i.MX_FREERTOS_Init  freertos.o
    0x08008a28   0x08008a28   0x00000174   Code   RO          272    i.MX_GPIO_Init      gpio.o
    0x08008b9c   0x08008b9c   0x00000064   Code   RO          642    i.MX_SPI2_Init      spi.o
    0x08008c00   0x08008c00   0x00000080   Code   RO          685    i.MX_TIM3_Init      tim.o
    0x08008c80   0x08008c80   0x00000004   Code   RO          738    i.MemManage_Handler  stm32h7xx_it.o
    0x08008c84   0x08008c84   0x00000004   Code   RO          739    i.NMI_Handler       stm32h7xx_it.o
    0x08008c88   0x08008c88   0x00000008   Code   RO          300    i.OBSERVE_Task      freertos.o
    0x08008c90   0x08008c90   0x000001a8   Code   RO         7606    i.Observe_task      observe_task.o
    0x08008e38   0x08008e38   0x000001f0   Code   RO         6109    i.PID_Calc          pid.o
    0x08009028   0x08009028   0x00000060   Code   RO         6111    i.PID_init          pid.o
    0x08009088   0x08009088   0x0000000c   Code   RO         7660    i.PS2_AnologData    ps2_task.o
    0x08009094   0x08009094   0x00000018   Code   RO         7661    i.PS2_ClearData     ps2_task.o
    0x080090ac   0x080090ac   0x000000b0   Code   RO         7662    i.PS2_Cmd           ps2_task.o
    0x0800915c   0x0800915c   0x00000054   Code   RO         7663    i.PS2_DataKey       ps2_task.o
    0x080091b0   0x080091b0   0x00000068   Code   RO         7664    i.PS2_EnterConfing  ps2_task.o
    0x08009218   0x08009218   0x00000068   Code   RO         7665    i.PS2_ExitConfing   ps2_task.o
    0x08009280   0x08009280   0x000000d4   Code   RO         7666    i.PS2_ReadData      ps2_task.o
    0x08009354   0x08009354   0x0000001c   Code   RO         7668    i.PS2_SetInit       ps2_task.o
    0x08009370   0x08009370   0x00000050   Code   RO         7669    i.PS2_ShortPoll     ps2_task.o
    0x080093c0   0x080093c0   0x00000008   Code   RO          301    i.PS2_Task          freertos.o
    0x080093c8   0x080093c8   0x00000060   Code   RO         7670    i.PS2_TurnOnAnalogMode  ps2_task.o
    0x08009428   0x08009428   0x00000278   Code   RO         7673    i.PS2_data_process  ps2_task.o
    0x080096a0   0x080096a0   0x00000074   Code   RO         7674    i.PS2_data_read     ps2_task.o
    0x08009714   0x08009714   0x00000054   Code   RO         7548    i.Pensation_init    chassisr_task.o
    0x08009768   0x08009768   0x00000048   Code   RO           15    i.PeriphCommonClock_Config  main.o
    0x080097b0   0x080097b0   0x00000164   Code   RO         1167    i.RCCEx_PLL2_Config  stm32h7xx_hal_rcc_ex.o
    0x08009914   0x08009914   0x00000164   Code   RO         1168    i.RCCEx_PLL3_Config  stm32h7xx_hal_rcc_ex.o
    0x08009a78   0x08009a78   0x0000012e   Code   RO         5679    i.RotationMatrix_update  mahony_filter.o
    0x08009ba6   0x08009ba6   0x00000002   PAD
    0x08009ba8   0x08009ba8   0x00000010   Code   RO          740    i.SPI2_IRQHandler   stm32h7xx_it.o
    0x08009bb8   0x08009bb8   0x000000d6   Code   RO         4049    i.SPI_CloseTransfer  stm32h7xx_hal_spi.o
    0x08009c8e   0x08009c8e   0x0000001c   Code   RO         4050    i.SPI_DMAAbortOnError  stm32h7xx_hal_spi.o
    0x08009caa   0x08009caa   0x0000001a   Code   RO         4060    i.SPI_GetPacketSize  stm32h7xx_hal_spi.o
    0x08009cc4   0x08009cc4   0x00000042   Code   RO         4067    i.SPI_WaitOnFlagUntilTimeout  stm32h7xx_hal_spi.o
    0x08009d06   0x08009d06   0x0000000a   Code   RO          302    i.StartDefaultTask  freertos.o
    0x08009d10   0x08009d10   0x00000034   Code   RO         7343    i.SysTick_Handler   port.o
    0x08009d44   0x08009d44   0x000000b4   Code   RO           16    i.SystemClock_Config  main.o
    0x08009df8   0x08009df8   0x000000e0   Code   RO         5383    i.SystemInit        system_stm32h7xx.o
    0x08009ed8   0x08009ed8   0x00000010   Code   RO          741    i.TIM2_IRQHandler   stm32h7xx_it.o
    0x08009ee8   0x08009ee8   0x000000e0   Code   RO         4447    i.TIM_Base_SetConfig  stm32h7xx_hal_tim.o
    0x08009fc8   0x08009fc8   0x000000ac   Code   RO         4460    i.TIM_OC1_SetConfig  stm32h7xx_hal_tim.o
    0x0800a074   0x0800a074   0x000000b4   Code   RO         4461    i.TIM_OC2_SetConfig  stm32h7xx_hal_tim.o
    0x0800a128   0x0800a128   0x000000b4   Code   RO         4462    i.TIM_OC3_SetConfig  stm32h7xx_hal_tim.o
    0x0800a1dc   0x0800a1dc   0x00000074   Code   RO         4463    i.TIM_OC4_SetConfig  stm32h7xx_hal_tim.o
    0x0800a250   0x0800a250   0x00000070   Code   RO         4464    i.TIM_OC5_SetConfig  stm32h7xx_hal_tim.o
    0x0800a2c0   0x0800a2c0   0x00000070   Code   RO         4465    i.TIM_OC6_SetConfig  stm32h7xx_hal_tim.o
    0x0800a330   0x0800a330   0x00000004   Code   RO          742    i.UsageFault_Handler  stm32h7xx_it.o
    0x0800a334   0x0800a334   0x0000039c   Code   RO         5820    i.VMC_calc_1_left   vmc_calc.o
    0x0800a6d0   0x0800a6d0   0x0000038c   Code   RO         5821    i.VMC_calc_1_right  vmc_calc.o
    0x0800aa5c   0x0800aa5c   0x00000196   Code   RO         5822    i.VMC_calc_2        vmc_calc.o
    0x0800abf2   0x0800abf2   0x00000002   PAD
    0x0800abf4   0x0800abf4   0x00000038   Code   RO         5823    i.VMC_init          vmc_calc.o
    0x0800ac2c   0x0800ac2c   0x00000026   Code   RO         8348    i.__ARM_fpclassifyf  m_wv.l(fpclassifyf.o)
    0x0800ac52   0x0800ac52   0x00000002   PAD
    0x0800ac54   0x0800ac54   0x00000010   Code   RO          912    i.__NVIC_GetPriorityGrouping  stm32h7xx_hal_cortex.o
    0x0800ac64   0x0800ac64   0x00000028   Code   RO          913    i.__NVIC_SetPriority  stm32h7xx_hal_cortex.o
    0x0800ac8c   0x0800ac8c   0x00000138   Code   RO         8259    i.__hardfp_asinf    m_wv.l(asinf.o)
    0x0800adc4   0x0800adc4   0x000002b4   Code   RO         8271    i.__hardfp_atan2f   m_wv.l(atan2f.o)
    0x0800b078   0x0800b078   0x00000066   Code   RO         8283    i.__hardfp_sqrt     m_wv.l(sqrt.o)
    0x0800b0de   0x0800b0de   0x0000003a   Code   RO         8295    i.__hardfp_sqrtf    m_wv.l(sqrtf.o)
    0x0800b118   0x0800b118   0x00000006   Code   RO         8351    i.__mathlib_flt_infnan  m_wv.l(funder.o)
    0x0800b11e   0x0800b11e   0x00000006   Code   RO         8352    i.__mathlib_flt_infnan2  m_wv.l(funder.o)
    0x0800b124   0x0800b124   0x00000010   Code   RO         8353    i.__mathlib_flt_invalid  m_wv.l(funder.o)
    0x0800b134   0x0800b134   0x00000010   Code   RO         8356    i.__mathlib_flt_underflow  m_wv.l(funder.o)
    0x0800b144   0x0800b144   0x0000000e   Code   RO         8398    i.__scatterload_copy  mc_w.l(handlers.o)
    0x0800b152   0x0800b152   0x00000002   Code   RO         8399    i.__scatterload_null  mc_w.l(handlers.o)
    0x0800b154   0x0800b154   0x0000000e   Code   RO         8400    i.__scatterload_zeroinit  mc_w.l(handlers.o)
    0x0800b162   0x0800b162   0x00000002   PAD
    0x0800b164   0x0800b164   0x0000000c   Code   RO         8388    i.__set_errno       mc_w.l(errno.o)
    0x0800b170   0x0800b170   0x0000016c   Code   RO         5426    i.bmi088_accel_init  bmi088driver.o
    0x0800b2dc   0x0800b2dc   0x00000130   Code   RO         5427    i.bmi088_gyro_init  bmi088driver.o
    0x0800b40c   0x0800b40c   0x0000007e   Code   RO         7863    i.canx_send_data    can_bsp.o
    0x0800b48a   0x0800b48a   0x00000002   PAD
    0x0800b48c   0x0800b48c   0x00000574   Code   RO         7483    i.chassisL_control_loop  chassisl_task.o
    0x0800ba00   0x0800ba00   0x0000004c   Code   RO         7484    i.chassisL_feedback_update  chassisl_task.o
    0x0800ba4c   0x0800ba4c   0x00000610   Code   RO         7549    i.chassisR_control_loop  chassisr_task.o
    0x0800c05c   0x0800c05c   0x0000009c   Code   RO         7550    i.chassisR_feedback_update  chassisr_task.o
    0x0800c0f8   0x0800c0f8   0x0000009a   Code   RO         5567    i.dm4310_fbdata     dm4310_drv.o
    0x0800c192   0x0800c192   0x00000002   PAD
    0x0800c194   0x0800c194   0x000000a4   Code   RO         5568    i.dm6215_fbdata     dm4310_drv.o
    0x0800c238   0x0800c238   0x00000042   Code   RO         5569    i.enable_motor_mode  dm4310_drv.o
    0x0800c27a   0x0800c27a   0x0000000a   Code   RO         5428    i.fabsf             bmi088driver.o
    0x0800c284   0x0800c284   0x00000032   Code   RO         5570    i.float_to_uint     dm4310_drv.o
    0x0800c2b6   0x0800c2b6   0x00000002   PAD
    0x0800c2b8   0x0800c2b8   0x00000144   Code   RO         5824    i.ground_detectionL  vmc_calc.o
    0x0800c3fc   0x0800c3fc   0x00000144   Code   RO         5825    i.ground_detectionR  vmc_calc.o
    0x0800c540   0x0800c540   0x00000006   Code   RO         5571    i.joint_motor_init  dm4310_drv.o
    0x0800c546   0x0800c546   0x00000002   PAD
    0x0800c548   0x0800c548   0x00000038   Code   RO         5680    i.mahony_init       mahony_filter.o
    0x0800c580   0x0800c580   0x0000001e   Code   RO         5681    i.mahony_input      mahony_filter.o
    0x0800c59e   0x0800c59e   0x0000004a   Code   RO         5682    i.mahony_output     mahony_filter.o
    0x0800c5e8   0x0800c5e8   0x00000286   Code   RO         5683    i.mahony_update     mahony_filter.o
    0x0800c86e   0x0800c86e   0x00000002   PAD
    0x0800c870   0x0800c870   0x00000070   Code   RO           17    i.main              main.o
    0x0800c8e0   0x0800c8e0   0x0000000e   Code   RO         6908    i.makeFreeRtosPriority  cmsis_os.o
    0x0800c8ee   0x0800c8ee   0x00000002   PAD
    0x0800c8f0   0x0800c8f0   0x0000006c   Code   RO         8321    i.malloc            mc_w.l(malloc.o)
    0x0800c95c   0x0800c95c   0x000000f0   Code   RO         5572    i.mit_ctrl          dm4310_drv.o
    0x0800ca4c   0x0800ca4c   0x000000f8   Code   RO         5573    i.mit_ctrl2         dm4310_drv.o
    0x0800cb44   0x0800cb44   0x00000028   Code   RO         7551    i.mySaturate        chassisr_task.o
    0x0800cb6c   0x0800cb6c   0x00000018   Code   RO         6910    i.osDelay           cmsis_os.o
    0x0800cb84   0x0800cb84   0x0000000a   Code   RO         6913    i.osKernelStart     cmsis_os.o
    0x0800cb8e   0x0800cb8e   0x00000030   Code   RO         6947    i.osThreadCreate    cmsis_os.o
    0x0800cbbe   0x0800cbbe   0x00000002   PAD
    0x0800cbc0   0x0800cbc0   0x00000098   Code   RO         6585    i.prvAddCurrentTaskToDelayedList  tasks.o
    0x0800cc58   0x0800cc58   0x000000b4   Code   RO         6586    i.prvAddNewTaskToReadyList  tasks.o
    0x0800cd0c   0x0800cd0c   0x00000048   Code   RO         6587    i.prvCheckTasksWaitingTermination  tasks.o
    0x0800cd54   0x0800cd54   0x00000012   Code   RO         6588    i.prvDeleteTCB      tasks.o
    0x0800cd66   0x0800cd66   0x00000002   PAD
    0x0800cd68   0x0800cd68   0x0000007c   Code   RO         7275    i.prvHeapInit       heap_4.o
    0x0800cde4   0x0800cde4   0x00000028   Code   RO         6589    i.prvIdleTask       tasks.o
    0x0800ce0c   0x0800ce0c   0x000000b4   Code   RO         6590    i.prvInitialiseNewTask  tasks.o
    0x0800cec0   0x0800cec0   0x00000068   Code   RO         6591    i.prvInitialiseTaskLists  tasks.o
    0x0800cf28   0x0800cf28   0x00000068   Code   RO         7276    i.prvInsertBlockIntoFreeList  heap_4.o
    0x0800cf90   0x0800cf90   0x00000034   Code   RO         6592    i.prvResetNextTaskUnblockTime  tasks.o
    0x0800cfc4   0x0800cfc4   0x00000040   Code   RO         7344    i.prvTaskExitError  port.o
    0x0800d004   0x0800d004   0x0000005c   Code   RO         7675    i.pstwo_task        ps2_task.o
    0x0800d060   0x0800d060   0x0000014c   Code   RO         7277    i.pvPortMalloc      heap_4.o
    0x0800d1ac   0x0800d1ac   0x0000002c   Code   RO         7345    i.pxPortInitialiseStack  port.o
    0x0800d1d8   0x0800d1d8   0x0000003e   Code   RO         8297    i.sqrtf             m_wv.l(sqrtf.o)
    0x0800d216   0x0800d216   0x00000034   Code   RO         5577    i.uint_to_float     dm4310_drv.o
    0x0800d24a   0x0800d24a   0x00000028   Code   RO         6238    i.uxListRemove      list.o
    0x0800d272   0x0800d272   0x0000001a   Code   RO         6239    i.vListInitialise   list.o
    0x0800d28c   0x0800d28c   0x00000006   Code   RO         6240    i.vListInitialiseItem  list.o
    0x0800d292   0x0800d292   0x00000034   Code   RO         6241    i.vListInsert       list.o
    0x0800d2c6   0x0800d2c6   0x00000018   Code   RO         6242    i.vListInsertEnd    list.o
    0x0800d2de   0x0800d2de   0x00000002   PAD
    0x0800d2e0   0x0800d2e0   0x00000054   Code   RO         7347    i.vPortEnterCritical  port.o
    0x0800d334   0x0800d334   0x0000003c   Code   RO         7348    i.vPortExitCritical  port.o
    0x0800d370   0x0800d370   0x000000a4   Code   RO         7278    i.vPortFree         heap_4.o
    0x0800d414   0x0800d414   0x00000028   Code   RO         7349    i.vPortSetupTimerInterrupt  port.o
    0x0800d43c   0x0800d43c   0x0000005c   Code   RO         6601    i.vTaskDelay        tasks.o
    0x0800d498   0x0800d498   0x00000088   Code   RO         6614    i.vTaskStartScheduler  tasks.o
    0x0800d520   0x0800d520   0x00000010   Code   RO         6616    i.vTaskSuspendAll   tasks.o
    0x0800d530   0x0800d530   0x0000008c   Code   RO         6617    i.vTaskSwitchContext  tasks.o
    0x0800d5bc   0x0800d5bc   0x00000006   Code   RO         5578    i.wheel_motor_init  dm4310_drv.o
    0x0800d5c2   0x0800d5c2   0x00000002   PAD
    0x0800d5c4   0x0800d5c4   0x00000168   Code   RO         7351    i.xPortStartScheduler  port.o
    0x0800d72c   0x0800d72c   0x00000060   Code   RO         6620    i.xTaskCreate       tasks.o
    0x0800d78c   0x0800d78c   0x00000148   Code   RO         6627    i.xTaskIncrementTick  tasks.o
    0x0800d8d4   0x0800d8d4   0x00000104   Code   RO         6633    i.xTaskResumeAll    tasks.o
    0x0800d9d8   0x0800d9d8   0x00000074   Code   RO         7608    i.xvEstimateKF_Init  observe_task.o
    0x0800da4c   0x0800da4c   0x00000070   Code   RO         7609    i.xvEstimateKF_Update  observe_task.o
    0x0800dabc   0x0800dabc   0x00000078   Data   RO          303    .constdata          freertos.o
    0x0800db34   0x0800db34   0x00000008   Data   RO         1776    .constdata          stm32h7xx_hal_dma.o
    0x0800db3c   0x0800db3c   0x0000005c   Data   RO         3500    .constdata          stm32h7xx_hal_fdcan.o
    0x0800db98   0x0800db98   0x00000010   Data   RO         5384    .constdata          system_stm32h7xx.o
    0x0800dba8   0x0800dba8   0x0000000c   Data   RO         7486    .constdata          chassisl_task.o
    0x0800dbb4   0x0800dbb4   0x00000030   Data   RO         7553    .constdata          chassisr_task.o
    0x0800dbe4   0x0800dbe4   0x00000010   Data   RO         7611    .constdata          observe_task.o
    0x0800dbf4   0x0800dbf4   0x00000054   Data   RO          304    .conststring        freertos.o
    0x0800dc48   0x0800dc48   0x00000804   Data   RO         8239    .rodata.sinTable_f32  arm_cortexM7lfdp_math.lib(arm_common_tables.o)
    0x0800e44c   0x0800e44c   0x00000020   Data   RO         8396    Region$$Table       anon$$obj.o


    Execution Region RW_IRAM1 (Exec base: 0x20000000, Load base: 0x0800e46c, Size: 0x00000000, Max: 0x00020000, ABSOLUTE)

    **** No section assigned to this execution region ****


    Execution Region RW_IRAM2 (Exec base: 0x24000000, Load base: 0x0800e46c, Size: 0x00009268, Max: 0x00050000, ABSOLUTE, COMPRESSED[0x00000188])

    Exec Addr    Load Addr    Size         Type   Attr      Idx    E Section Name        Object

    0x24000000   COMPRESSED   0x00000018   Data   RW          305    .data               freertos.o
    0x24000018   COMPRESSED   0x00000004   Data   RW          591    .data               fdcan.o
    0x2400001c   COMPRESSED   0x00000009   Data   RW         2508    .data               stm32h7xx_hal.o
    0x24000025   COMPRESSED   0x00000003   PAD
    0x24000028   COMPRESSED   0x00000008   Data   RW         5385    .data               system_stm32h7xx.o
    0x24000030   COMPRESSED   0x0000004a   Data   RW         5430    .data               bmi088driver.o
    0x2400007a   COMPRESSED   0x00000002   PAD
    0x2400007c   COMPRESSED   0x00000004   Data   RW         5515    .data               bmi088middleware.o
    0x24000080   COMPRESSED   0x00000018   Data   RW         5827    .data               vmc_calc.o
    0x24000098   COMPRESSED   0x00000004   Data   RW         5902    .data               kalman_filter.o
    0x2400009c   COMPRESSED   0x0000003c   Data   RW         6636    .data               tasks.o
    0x240000d8   COMPRESSED   0x00000020   Data   RW         7284    .data               heap_4.o
    0x240000f8   COMPRESSED   0x0000000c   Data   RW         7352    .data               port.o
    0x24000104   COMPRESSED   0x0000001c   Data   RW         7427    .data               ins_task.o
    0x24000120   COMPRESSED   0x00000039   Data   RW         7487    .data               chassisl_task.o
    0x24000159   COMPRESSED   0x00000003   PAD
    0x2400015c   COMPRESSED   0x00000100   Data   RW         7554    .data               chassisr_task.o
    0x2400025c   COMPRESSED   0x00000060   Data   RW         7612    .data               observe_task.o
    0x240002bc   COMPRESSED   0x00000029   Data   RW         7677    .data               ps2_task.o
    0x240002e5   COMPRESSED   0x00000003   PAD
    0x240002e8   COMPRESSED   0x00000040   Data   RW         7791    .data               bsp_dwt.o
    0x24000328   COMPRESSED   0x00000004   Data   RW         8384    .data               mc_w.l(mvars.o)
    0x2400032c   COMPRESSED   0x00000004   Data   RW         8385    .data               mc_w.l(mvars.o)
    0x24000330   COMPRESSED   0x00000004   Data   RW         8389    .data               mc_w.l(errno.o)
    0x24000334        -       0x000001e0   Zero   RW          590    .bss                fdcan.o
    0x24000514        -       0x00000178   Zero   RW          643    .bss                spi.o
    0x2400068c        -       0x0000004c   Zero   RW          686    .bss                tim.o
    0x240006d8        -       0x0000004c   Zero   RW          857    .bss                stm32h7xx_hal_timebase_tim.o
    0x24000724        -       0x0000004c   Zero   RW         5429    .bss                bmi088driver.o
    0x24000770        -       0x00000020   Zero   RW         5826    .bss                vmc_calc.o
    0x24000790        -       0x000000f0   Zero   RW         6635    .bss                tasks.o
    0x24000880        -       0x00007800   Zero   RW         7283    .bss                heap_4.o
    0x24008080        -       0x00000130   Zero   RW         7426    .bss                ins_task.o
    0x240081b0        -       0x000000f8   Zero   RW         7485    .bss                chassisl_task.o
    0x240082a8        -       0x00000388   Zero   RW         7552    .bss                chassisr_task.o
    0x24008630        -       0x00000150   Zero   RW         7610    .bss                observe_task.o
    0x24008780        -       0x00000015   Zero   RW         7676    .bss                ps2_task.o
    0x24008795   COMPRESSED   0x00000003   PAD
    0x24008798        -       0x000000d0   Zero   RW         7864    .bss                can_bsp.o
    0x24008868        -       0x00000200   Zero   RW            2    HEAP                startup_stm32h723xx.o
    0x24008a68        -       0x00000800   Zero   RW            1    STACK               startup_stm32h723xx.o


==============================================================================

Image component sizes


      Code (inc. data)   RO Data    RW Data    ZI Data      Debug   Object Name

      3420        210          0         74         76      16388   bmi088driver.o
       116         30          0          4          0       3864   bmi088middleware.o
       580        112          0         64          0       5162   bsp_dwt.o
       566         40          0          0        208       4776   can_bsp.o
      2004        132         12         57        248       8553   chassisl_task.o
      2372        190         48        256        904       6581   chassisr_task.o
        96          0          0          0          0      13307   cmsis_os.o
       986         34          0          0          0       9401   dm4310_drv.o
        68          4          0          0          0       1018   dma.o
         0          0          0          0          0       5316   event_groups.o
       820         54          0          4        480       3785   fdcan.o
       230         30        204         24          0     968260   freertos.o
       372         16          0          0          0       1371   gpio.o
       724         74          0         32      30720       7967   heap_4.o
      1604         92          0         28        304       5226   ins_task.o
      3164         28          0          4          0       9975   kalman_filter.o
       148          0          0          0          0       4066   list.o
      1108         16          0          0          0       6401   mahony_filter.o
       388         14          0          0          0    1238206   main.o
       652         88         16         96        336       4625   observe_task.o
       592          8          0          0          0       2794   pid.o
       894         78          0         12          0      11936   port.o
      1760        194          0         41         21      10512   ps2_task.o
       476         38          0          0        376       2367   spi.o
        36          8        716          0       2560        844   startup_stm32h723xx.o
       172         34          0          9          0      23410   stm32h7xx_hal.o
       258         22          0          0          0      39650   stm32h7xx_hal_cortex.o
      5786        118          8          0          0      10223   stm32h7xx_hal_dma.o
      3586         52         92          0          0      24360   stm32h7xx_hal_fdcan.o
       524         50          0          0          0       3147   stm32h7xx_hal_gpio.o
        48          6          0          0          0       1062   stm32h7xx_hal_msp.o
        96          6          0          0          0        837   stm32h7xx_hal_pwr_ex.o
      3460        110          0          0          0       7454   stm32h7xx_hal_rcc.o
      3984         54          0          0          0       4936   stm32h7xx_hal_rcc_ex.o
      2206         18          0          0          0      10989   stm32h7xx_hal_spi.o
      2338        234          0          0          0      13925   stm32h7xx_hal_tim.o
       234         38          0          0          0       3616   stm32h7xx_hal_tim_ex.o
       160         18          0          0         76       1843   stm32h7xx_hal_timebase_tim.o
       134         42          0          0          0       7133   stm32h7xx_it.o
       224         32         16          8          0       1582   system_stm32h7xx.o
      1866        268          0         60        240      19897   tasks.o
       268         32          0          0         76       2747   tim.o
         0          0          0          0          0       1036   user_lib.o
      2992         70          0         24         32       8418   vmc_calc.o

    ----------------------------------------------------------------------
     51562       2694       1144        808      36660    2538966   Object Totals
         0          0         32          0          0          0   (incl. Generated)
        50          0          0         11          3          0   (incl. Padding)

    ----------------------------------------------------------------------

      Code (inc. data)   RO Data    RW Data    ZI Data      Debug   Library Member Name

         0          0       2052          0          0       4961   arm_common_tables.o
       144         12          0          0          0       1111   arm_cos_f32.o
       190          0          0          0          0       1836   arm_mat_add_f32.o
         8          0          0          0          0        841   arm_mat_init_f32.o
       716          4          0          0          0       3547   arm_mat_inverse_f32.o
       304          4          0          0          0       2362   arm_mat_mult_f32.o
       190          0          0          0          0       1834   arm_mat_sub_f32.o
       180          0          0          0          0       1862   arm_mat_trans_f32.o
       140         12          0          0          0       1098   arm_sin_f32.o
       312         54          0          0          0        176   asinf.o
       692         98          0          0          0        208   atan2f.o
        38          0          0          0          0        116   fpclassifyf.o
        44         12          0          0          0        464   funder.o
       102          0          0          0          0        140   sqrt.o
       120          0          0          0          0        272   sqrtf.o
        86          0          0          0          0          0   __dczerorl2.o
         0          0          0          0          0          0   entry.o
         0          0          0          0          0          0   entry10a.o
         0          0          0          0          0          0   entry11a.o
         4          0          0          0          0          0   entry12b.o
         8          4          0          0          0          0   entry2.o
         4          0          0          0          0          0   entry5.o
         0          0          0          0          0          0   entry7b.o
         0          0          0          0          0          0   entry8b.o
         8          4          0          0          0          0   entry9a.o
        12          6          0          4          0         68   errno.o
        30          0          0          0          0          0   handlers.o
        36          8          0          0          0         68   init.o
         0          0          0          0          0          0   iusefp.o
        30          0          0          0          0         68   llshl.o
        32          0          0          0          0         68   llushr.o
       108         16          0          0          0         84   malloc.o
        36          0          0          0          0         68   memcpya.o
        36          0          0          0          0        108   memseta.o
         0          0          0          8          0          0   mvars.o
        98          0          0          0          0         92   uldiv.o

    ----------------------------------------------------------------------
      3718        234       2052         12          0      21452   Library Totals
        10          0          0          0          0          0   (incl. Padding)

    ----------------------------------------------------------------------

      Code (inc. data)   RO Data    RW Data    ZI Data      Debug   Library Name

      1872         32       2052          0          0      19452   arm_cortexM7lfdp_math.lib
      1308        164          0          0          0       1376   m_wv.l
       528         38          0         12          0        624   mc_w.l

    ----------------------------------------------------------------------
      3718        234       2052         12          0      21452   Library Totals

    ----------------------------------------------------------------------

==============================================================================


      Code (inc. data)   RO Data    RW Data    ZI Data      Debug   

     55280       2928       3196        820      36660    2536182   Grand Totals
     55280       2928       3196        392      36660    2536182   ELF Image Totals (compressed)
     55280       2928       3196        392          0          0   ROM Totals

==============================================================================

    Total RO  Size (Code + RO Data)                58476 (  57.11kB)
    Total RW  Size (RW Data + ZI Data)             37480 (  36.60kB)
    Total ROM Size (Code + RO Data + RW Data)      58868 (  57.49kB)

==============================================================================

